The system is: Linux - 6.8.0-111-generic - x86_64
Compiling the C compiler identification source file "CMakeCCompilerId.c" succeeded.
Compiler: /home/sanialewis/anaconda3/envs/geant4-env/bin/x86_64-conda-linux-gnu-gcc 
Build flags: -march=nocona;-mtune=haswell;-ftree-vectorize;-fPIC;-fstack-protector-strong;-fno-plt;-O2;-ffunction-sections;-pipe;-isystem;/home/sanialewis/anaconda3/envs/geant4-env/include
Id flags:  

The output was:
0


Compilation of the C compiler identification source "CMakeCCompilerId.c" produced "a.out"

The C compiler identification is GNU, found in "/home/sanialewis/Documents/Tyvek/geant4-simulation/sim/build/CMakeFiles/3.22.1/CompilerIdC/a.out"

Compiling the CXX compiler identification source file "CMakeCXXCompilerId.cpp" succeeded.
Compiler: /home/sanialewis/anaconda3/envs/geant4-env/bin/x86_64-conda-linux-gnu-g++ 
Build flags: -fvisibility-inlines-hidden;-fmessage-length=0;-march=nocona;-mtune=haswell;-ftree-vectorize;-fPIC;-fstack-protector-strong;-fno-plt;-O2;-ffunction-sections;-pipe;-isystem;/home/sanialewis/anaconda3/envs/geant4-env/include
Id flags:  

The output was:
0


Compilation of the CXX compiler identification source "CMakeCXXCompilerId.cpp" produced "a.out"

The CXX compiler identification is GNU, found in "/home/sanialewis/Documents/Tyvek/geant4-simulation/sim/build/CMakeFiles/3.22.1/CompilerIdCXX/a.out"

Detecting C compiler ABI info compiled with the following output:
Change Dir: /home/sanialewis/Documents/Tyvek/geant4-simulation/sim/build/CMakeFiles/CMakeTmp

Run Build Command(s):/usr/bin/gmake -f Makefile cmTC_ae7e3/fast && /usr/bin/gmake  -f CMakeFiles/cmTC_ae7e3.dir/build.make CMakeFiles/cmTC_ae7e3.dir/build
gmake[1]: Entering directory '/home/sanialewis/Documents/Tyvek/geant4-simulation/sim/build/CMakeFiles/CMakeTmp'
Building C object CMakeFiles/cmTC_ae7e3.dir/CMakeCCompilerABI.c.o
/home/sanialewis/anaconda3/envs/geant4-env/bin/x86_64-conda-linux-gnu-gcc   -march=nocona -mtune=haswell -ftree-vectorize -fPIC -fstack-protector-strong -fno-plt -O2 -ffunction-sections -pipe -isystem /home/sanialewis/anaconda3/envs/geant4-env/include    -v -o CMakeFiles/cmTC_ae7e3.dir/CMakeCCompilerABI.c.o -c /usr/share/cmake-3.22/Modules/CMakeCCompilerABI.c
Reading specs from /home/sanialewis/anaconda3/envs/geant4-env/bin/../lib/gcc/x86_64-conda-linux-gnu/15.2.0/specs
could not find specs file conda.specs
COLLECT_GCC=/home/sanialewis/anaconda3/envs/geant4-env/bin/x86_64-conda-linux-gnu-gcc
Target: x86_64-conda-linux-gnu
Configured with: ../configure --prefix=/home/conda/feedstock_root/build_artifacts/gcc_compilers_1771374251839/_h_env_placehold_placehold_placehold_placehold_placehold_placehold_placehold_placehold_placehold_placehold_placehold_placehold_placehold_placehold_placehold_placehold_placehold_placeho --with-slibdir=/home/conda/feedstock_root/build_artifacts/gcc_compilers_1771374251839/_h_env_placehold_placehold_placehold_placehold_placehold_placehold_placehold_placehold_placehold_placehold_placehold_placehold_placehold_placehold_placehold_placehold_placehold_placeho/lib --libdir=/home/conda/feedstock_root/build_artifacts/gcc_compilers_1771374251839/_h_env_placehold_placehold_placehold_placehold_placehold_placehold_placehold_placehold_placehold_placehold_placehold_placehold_placehold_placehold_placehold_placehold_placehold_placeho/lib --mandir=/home/conda/feedstock_root/build_artifacts/gcc_compilers_1771374251839/_h_env_placehold_placehold_placehold_placehold_placehold_placehold_placehold_placehold_placehold_placehold_placehold_placehold_placehold_placehold_placehold_placehold_placehold_placeho/share/man --build=x86_64-conda-linux-gnu --host=x86_64-conda-linux-gnu --target=x86_64-conda-linux-gnu --enable-languages=c,c++,fortran,objc,obj-c++ --enable-libgomp --disable-libssp --enable-libquadmath --enable-libquadmath-support --disable-nls --disable-bootstrap --disable-multilib --enable-long-long --without-zstd --with-native-system-header-dir=/usr/include --with-gxx-include-dir=/home/conda/feedstock_root/build_artifacts/gcc_compilers_1771374251839/_h_env_placehold_placehold_placehold_placehold_placehold_placehold_placehold_placehold_placehold_placehold_placehold_placehold_placehold_placehold_placehold_placehold_placehold_placeho/lib/gcc/x86_64-conda-linux-gnu/15.2.0/include/c++ --with-gxx-libcxx-include-dir=/home/conda/feedstock_root/build_artifacts/gcc_compilers_1771374251839/_h_env_placehold_placehold_placehold_placehold_placehold_placehold_placehold_placehold_placehold_placehold_placehold_placehold_placehold_placehold_placehold_placehold_placehold_placeho/lib/gcc/x86_64-conda-linux-gnu/15.2.0/../../../../include/c++/v1 --with-pkgversion='conda-forge gcc 15.2.0-18' --with-bugurl=https://github.com/conda-forge/ctng-compilers-feedstock/issues/new/choose --enable-libsanitizer --enable-default-pie --enable-threads=posix --enable-__cxa_atexit --with-sysroot=/home/conda/feedstock_root/build_artifacts/gcc_compilers_1771374251839/_h_env_placehold_placehold_placehold_placehold_placehold_placehold_placehold_placehold_placehold_placehold_placehold_placehold_placehold_placehold_placehold_placehold_placehold_placeho/x86_64-conda-linux-gnu/sysroot --with-build-sysroot=/home/conda/feedstock_root/build_artifacts/gcc_compilers_1771374251839/_build_env/x86_64-conda-linux-gnu/sysroot --enable-plugin --enable-lto
Thread model: posix
Supported LTO compression algorithms: zlib
gcc version 15.2.0 (conda-forge gcc 15.2.0-18) 
COLLECT_GCC_OPTIONS='-march=nocona' '-mtune=haswell' '-ftree-vectorize' '-fPIC' '-fstack-protector-strong' '-fno-plt' '-O2' '-ffunction-sections' '-pipe' '-isystem' '/home/sanialewis/anaconda3/envs/geant4-env/include' '-v' '-o' 'CMakeFiles/cmTC_ae7e3.dir/CMakeCCompilerABI.c.o' '-c' '-dumpdir' 'CMakeFiles/cmTC_ae7e3.dir/'
 /home/sanialewis/anaconda3/envs/geant4-env/bin/../libexec/gcc/x86_64-conda-linux-gnu/15.2.0/cc1 -quiet -v -iprefix /home/sanialewis/anaconda3/envs/geant4-env/bin/../lib/gcc/x86_64-conda-linux-gnu/15.2.0/ -isysroot /home/sanialewis/anaconda3/envs/geant4-env/bin/../x86_64-conda-linux-gnu/sysroot -isystem /home/sanialewis/anaconda3/envs/geant4-env/include /usr/share/cmake-3.22/Modules/CMakeCCompilerABI.c -quiet -dumpdir CMakeFiles/cmTC_ae7e3.dir/ -dumpbase CMakeCCompilerABI.c.c -dumpbase-ext .c -march=nocona -mtune=haswell -O2 -version -ftree-vectorize -fPIC -fstack-protector-strong -fno-plt -ffunction-sections -o - |
 /home/sanialewis/anaconda3/envs/geant4-env/bin/../lib/gcc/x86_64-conda-linux-gnu/15.2.0/../../../../x86_64-conda-linux-gnu/bin/as -v --64 -o CMakeFiles/cmTC_ae7e3.dir/CMakeCCompilerABI.c.o
GNU assembler version 2.45.1 (x86_64-conda-linux-gnu) using BFD version (GNU Binutils) 2.45.1
GNU C23 (conda-forge gcc 15.2.0-18) version 15.2.0 (x86_64-conda-linux-gnu)
	compiled by GNU C version 15.2.0, GMP version 6.2.1, MPFR version 4.1.0, MPC version 1.2.1, isl version isl-0.24-GMP

GGC heuristics: --param ggc-min-expand=100 --param ggc-min-heapsize=131072
ignoring nonexistent directory "/home/sanialewis/anaconda3/envs/geant4-env/bin/../lib/gcc/x86_64-conda-linux-gnu/15.2.0/../../../../x86_64-conda-linux-gnu/include"
ignoring duplicate directory "/home/sanialewis/anaconda3/envs/geant4-env/bin/../lib/gcc/../../lib/gcc/x86_64-conda-linux-gnu/15.2.0/include"
ignoring nonexistent directory "/home/sanialewis/anaconda3/envs/geant4-env/bin/../x86_64-conda-linux-gnu/sysroot/usr/local/include"
ignoring duplicate directory "/home/sanialewis/anaconda3/envs/geant4-env/bin/../lib/gcc/../../lib/gcc/x86_64-conda-linux-gnu/15.2.0/include-fixed"
ignoring nonexistent directory "/home/sanialewis/anaconda3/envs/geant4-env/bin/../lib/gcc/../../lib/gcc/x86_64-conda-linux-gnu/15.2.0/../../../../x86_64-conda-linux-gnu/include"
#include "..." search starts here:
#include <...> search starts here:
 /home/sanialewis/anaconda3/envs/geant4-env/include
 /home/sanialewis/anaconda3/envs/geant4-env/bin/../lib/gcc/x86_64-conda-linux-gnu/15.2.0/include
 /home/sanialewis/anaconda3/envs/geant4-env/bin/../lib/gcc/x86_64-conda-linux-gnu/15.2.0/include-fixed
 /home/sanialewis/anaconda3/envs/geant4-env/bin/../x86_64-conda-linux-gnu/sysroot/usr/include
End of search list.
Compiler executable checksum: 6df4481b92ea484a516450287e26d5c1
COMPILER_PATH=/home/sanialewis/anaconda3/envs/geant4-env/bin/../libexec/gcc/x86_64-conda-linux-gnu/15.2.0/:/home/sanialewis/anaconda3/envs/geant4-env/bin/../libexec/gcc/:/home/sanialewis/anaconda3/envs/geant4-env/bin/../lib/gcc/x86_64-conda-linux-gnu/15.2.0/../../../../x86_64-conda-linux-gnu/bin/
LIBRARY_PATH=/home/sanialewis/anaconda3/envs/geant4-env/bin/../lib/gcc/x86_64-conda-linux-gnu/15.2.0/:/home/sanialewis/anaconda3/envs/geant4-env/bin/../lib/gcc/:/home/sanialewis/anaconda3/envs/geant4-env/bin/../lib/gcc/x86_64-conda-linux-gnu/15.2.0/../../../../x86_64-conda-linux-gnu/lib/../lib/:/home/sanialewis/anaconda3/envs/geant4-env/bin/../lib/gcc/x86_64-conda-linux-gnu/15.2.0/../../../../lib/:/home/sanialewis/anaconda3/envs/geant4-env/bin/../x86_64-conda-linux-gnu/sysroot/lib/../lib/:/home/sanialewis/anaconda3/envs/geant4-env/bin/../x86_64-conda-linux-gnu/sysroot/usr/lib/../lib/:/home/sanialewis/anaconda3/envs/geant4-env/bin/../lib/gcc/x86_64-conda-linux-gnu/15.2.0/../../../../x86_64-conda-linux-gnu/lib/:/home/sanialewis/anaconda3/envs/geant4-env/bin/../lib/gcc/x86_64-conda-linux-gnu/15.2.0/../../../:/home/sanialewis/anaconda3/envs/geant4-env/bin/../x86_64-conda-linux-gnu/sysroot/lib/:/home/sanialewis/anaconda3/envs/geant4-env/bin/../x86_64-conda-linux-gnu/sysroot/usr/lib/
COLLECT_GCC_OPTIONS='-march=nocona' '-mtune=haswell' '-ftree-vectorize' '-fPIC' '-fstack-protector-strong' '-fno-plt' '-O2' '-ffunction-sections' '-pipe' '-isystem' '/home/sanialewis/anaconda3/envs/geant4-env/include' '-v' '-o' 'CMakeFiles/cmTC_ae7e3.dir/CMakeCCompilerABI.c.o' '-c' '-dumpdir' 'CMakeFiles/cmTC_ae7e3.dir/CMakeCCompilerABI.c.'
Linking C executable cmTC_ae7e3
/usr/bin/cmake -E cmake_link_script CMakeFiles/cmTC_ae7e3.dir/link.txt --verbose=1
/home/sanialewis/anaconda3/envs/geant4-env/bin/x86_64-conda-linux-gnu-gcc -march=nocona -mtune=haswell -ftree-vectorize -fPIC -fstack-protector-strong -fno-plt -O2 -ffunction-sections -pipe -isystem /home/sanialewis/anaconda3/envs/geant4-env/include  -Wl,-O2 -Wl,--sort-common -Wl,--as-needed -Wl,-z,relro -Wl,-z,now -Wl,--disable-new-dtags -Wl,--gc-sections -Wl,--allow-shlib-undefined -Wl,-rpath,/home/sanialewis/anaconda3/envs/geant4-env/lib -Wl,-rpath-link,/home/sanialewis/anaconda3/envs/geant4-env/lib -L/home/sanialewis/anaconda3/envs/geant4-env/lib -v CMakeFiles/cmTC_ae7e3.dir/CMakeCCompilerABI.c.o -o cmTC_ae7e3 
Reading specs from /home/sanialewis/anaconda3/envs/geant4-env/bin/../lib/gcc/x86_64-conda-linux-gnu/15.2.0/specs
could not find specs file conda.specs
COLLECT_GCC=/home/sanialewis/anaconda3/envs/geant4-env/bin/x86_64-conda-linux-gnu-gcc
COLLECT_LTO_WRAPPER=/home/sanialewis/anaconda3/envs/geant4-env/bin/../libexec/gcc/x86_64-conda-linux-gnu/15.2.0/lto-wrapper
Target: x86_64-conda-linux-gnu
Configured with: ../configure --prefix=/home/conda/feedstock_root/build_artifacts/gcc_compilers_1771374251839/_h_env_placehold_placehold_placehold_placehold_placehold_placehold_placehold_placehold_placehold_placehold_placehold_placehold_placehold_placehold_placehold_placehold_placehold_placeho --with-slibdir=/home/conda/feedstock_root/build_artifacts/gcc_compilers_1771374251839/_h_env_placehold_placehold_placehold_placehold_placehold_placehold_placehold_placehold_placehold_placehold_placehold_placehold_placehold_placehold_placehold_placehold_placehold_placeho/lib --libdir=/home/conda/feedstock_root/build_artifacts/gcc_compilers_1771374251839/_h_env_placehold_placehold_placehold_placehold_placehold_placehold_placehold_placehold_placehold_placehold_placehold_placehold_placehold_placehold_placehold_placehold_placehold_placeho/lib --mandir=/home/conda/feedstock_root/build_artifacts/gcc_compilers_1771374251839/_h_env_placehold_placehold_placehold_placehold_placehold_placehold_placehold_placehold_placehold_placehold_placehold_placehold_placehold_placehold_placehold_placehold_placehold_placeho/share/man --build=x86_64-conda-linux-gnu --host=x86_64-conda-linux-gnu --target=x86_64-conda-linux-gnu --enable-languages=c,c++,fortran,objc,obj-c++ --enable-libgomp --disable-libssp --enable-libquadmath --enable-libquadmath-support --disable-nls --disable-bootstrap --disable-multilib --enable-long-long --without-zstd --with-native-system-header-dir=/usr/include --with-gxx-include-dir=/home/conda/feedstock_root/build_artifacts/gcc_compilers_1771374251839/_h_env_placehold_placehold_placehold_placehold_placehold_placehold_placehold_placehold_placehold_placehold_placehold_placehold_placehold_placehold_placehold_placehold_placehold_placeho/lib/gcc/x86_64-conda-linux-gnu/15.2.0/include/c++ --with-gxx-libcxx-include-dir=/home/conda/feedstock_root/build_artifacts/gcc_compilers_1771374251839/_h_env_placehold_placehold_placehold_placehold_placehold_placehold_placehold_placehold_placehold_placehold_placehold_placehold_placehold_placehold_placehold_placehold_placehold_placeho/lib/gcc/x86_64-conda-linux-gnu/15.2.0/../../../../include/c++/v1 --with-pkgversion='conda-forge gcc 15.2.0-18' --with-bugurl=https://github.com/conda-forge/ctng-compilers-feedstock/issues/new/choose --enable-libsanitizer --enable-default-pie --enable-threads=posix --enable-__cxa_atexit --with-sysroot=/home/conda/feedstock_root/build_artifacts/gcc_compilers_1771374251839/_h_env_placehold_placehold_placehold_placehold_placehold_placehold_placehold_placehold_placehold_placehold_placehold_placehold_placehold_placehold_placehold_placehold_placehold_placeho/x86_64-conda-linux-gnu/sysroot --with-build-sysroot=/home/conda/feedstock_root/build_artifacts/gcc_compilers_1771374251839/_build_env/x86_64-conda-linux-gnu/sysroot --enable-plugin --enable-lto
Thread model: posix
Supported LTO compression algorithms: zlib
gcc version 15.2.0 (conda-forge gcc 15.2.0-18) 
COMPILER_PATH=/home/sanialewis/anaconda3/envs/geant4-env/bin/../libexec/gcc/x86_64-conda-linux-gnu/15.2.0/:/home/sanialewis/anaconda3/envs/geant4-env/bin/../libexec/gcc/:/home/sanialewis/anaconda3/envs/geant4-env/bin/../lib/gcc/x86_64-conda-linux-gnu/15.2.0/../../../../x86_64-conda-linux-gnu/bin/
LIBRARY_PATH=/home/sanialewis/anaconda3/envs/geant4-env/bin/../lib/gcc/x86_64-conda-linux-gnu/15.2.0/:/home/sanialewis/anaconda3/envs/geant4-env/bin/../lib/gcc/:/home/sanialewis/anaconda3/envs/geant4-env/bin/../lib/gcc/x86_64-conda-linux-gnu/15.2.0/../../../../x86_64-conda-linux-gnu/lib/../lib/:/home/sanialewis/anaconda3/envs/geant4-env/bin/../lib/gcc/x86_64-conda-linux-gnu/15.2.0/../../../../lib/:/home/sanialewis/anaconda3/envs/geant4-env/bin/../x86_64-conda-linux-gnu/sysroot/lib/../lib/:/home/sanialewis/anaconda3/envs/geant4-env/bin/../x86_64-conda-linux-gnu/sysroot/usr/lib/../lib/:/home/sanialewis/anaconda3/envs/geant4-env/bin/../lib/gcc/x86_64-conda-linux-gnu/15.2.0/../../../../x86_64-conda-linux-gnu/lib/:/home/sanialewis/anaconda3/envs/geant4-env/bin/../lib/gcc/x86_64-conda-linux-gnu/15.2.0/../../../:/home/sanialewis/anaconda3/envs/geant4-env/bin/../x86_64-conda-linux-gnu/sysroot/lib/:/home/sanialewis/anaconda3/envs/geant4-env/bin/../x86_64-conda-linux-gnu/sysroot/usr/lib/
COLLECT_GCC_OPTIONS='-march=nocona' '-mtune=haswell' '-ftree-vectorize' '-fPIC' '-fstack-protector-strong' '-fno-plt' '-O2' '-ffunction-sections' '-pipe' '-isystem' '/home/sanialewis/anaconda3/envs/geant4-env/include' '-L/home/sanialewis/anaconda3/envs/geant4-env/lib' '-v' '-o' 'cmTC_ae7e3' '-dumpdir' 'cmTC_ae7e3.'
 /home/sanialewis/anaconda3/envs/geant4-env/bin/../libexec/gcc/x86_64-conda-linux-gnu/15.2.0/collect2 -plugin /home/sanialewis/anaconda3/envs/geant4-env/bin/../libexec/gcc/x86_64-conda-linux-gnu/15.2.0/liblto_plugin.so -plugin-opt=/home/sanialewis/anaconda3/envs/geant4-env/bin/../libexec/gcc/x86_64-conda-linux-gnu/15.2.0/lto-wrapper -plugin-opt=-fresolution=/tmp/cc2JgmZ5.res -plugin-opt=-pass-through=-lgcc -plugin-opt=-pass-through=-lgcc_s -plugin-opt=-pass-through=-lc -plugin-opt=-pass-through=-lgcc -plugin-opt=-pass-through=-lgcc_s --sysroot=/home/sanialewis/anaconda3/envs/geant4-env/bin/../x86_64-conda-linux-gnu/sysroot --eh-frame-hdr -m elf_x86_64 -dynamic-linker /lib64/ld-linux-x86-64.so.2 -pie -o cmTC_ae7e3 /home/sanialewis/anaconda3/envs/geant4-env/bin/../x86_64-conda-linux-gnu/sysroot/usr/lib/../lib/Scrt1.o /home/sanialewis/anaconda3/envs/geant4-env/bin/../x86_64-conda-linux-gnu/sysroot/usr/lib/../lib/crti.o /home/sanialewis/anaconda3/envs/geant4-env/bin/../lib/gcc/x86_64-conda-linux-gnu/15.2.0/crtbeginS.o -L/home/sanialewis/anaconda3/envs/geant4-env/lib -L/home/sanialewis/anaconda3/envs/geant4-env/bin/../lib/gcc/x86_64-conda-linux-gnu/15.2.0 -L/home/sanialewis/anaconda3/envs/geant4-env/bin/../lib/gcc -L/home/sanialewis/anaconda3/envs/geant4-env/bin/../lib/gcc/x86_64-conda-linux-gnu/15.2.0/../../../../x86_64-conda-linux-gnu/lib/../lib -L/home/sanialewis/anaconda3/envs/geant4-env/bin/../lib/gcc/x86_64-conda-linux-gnu/15.2.0/../../../../lib -L/home/sanialewis/anaconda3/envs/geant4-env/bin/../x86_64-conda-linux-gnu/sysroot/lib/../lib -L/home/sanialewis/anaconda3/envs/geant4-env/bin/../x86_64-conda-linux-gnu/sysroot/usr/lib/../lib -L/home/sanialewis/anaconda3/envs/geant4-env/bin/../lib/gcc/x86_64-conda-linux-gnu/15.2.0/../../../../x86_64-conda-linux-gnu/lib -L/home/sanialewis/anaconda3/envs/geant4-env/bin/../lib/gcc/x86_64-conda-linux-gnu/15.2.0/../../.. -L/home/sanialewis/anaconda3/envs/geant4-env/bin/../x86_64-conda-linux-gnu/sysroot/lib -L/home/sanialewis/anaconda3/envs/geant4-env/bin/../x86_64-conda-linux-gnu/sysroot/usr/lib -O2 --sort-common --as-needed -z relro -z now --disable-new-dtags --gc-sections --allow-shlib-undefined -rpath /home/sanialewis/anaconda3/envs/geant4-env/lib -rpath-link /home/sanialewis/anaconda3/envs/geant4-env/lib CMakeFiles/cmTC_ae7e3.dir/CMakeCCompilerABI.c.o -lgcc --push-state --as-needed -lgcc_s --pop-state -lc -lgcc --push-state --as-needed -lgcc_s --pop-state /home/sanialewis/anaconda3/envs/geant4-env/bin/../lib/gcc/x86_64-conda-linux-gnu/15.2.0/crtendS.o /home/sanialewis/anaconda3/envs/geant4-env/bin/../x86_64-conda-linux-gnu/sysroot/usr/lib/../lib/crtn.o -rpath /home/sanialewis/anaconda3/envs/geant4-env/lib
COLLECT_GCC_OPTIONS='-march=nocona' '-mtune=haswell' '-ftree-vectorize' '-fPIC' '-fstack-protector-strong' '-fno-plt' '-O2' '-ffunction-sections' '-pipe' '-isystem' '/home/sanialewis/anaconda3/envs/geant4-env/include' '-L/home/sanialewis/anaconda3/envs/geant4-env/lib' '-v' '-o' 'cmTC_ae7e3' '-dumpdir' 'cmTC_ae7e3.'
gmake[1]: Leaving directory '/home/sanialewis/Documents/Tyvek/geant4-simulation/sim/build/CMakeFiles/CMakeTmp'



Parsed C implicit include dir info from above output: rv=done
  found start of include info
  found start of implicit include info
    add: [/home/sanialewis/anaconda3/envs/geant4-env/include]
    add: [/home/sanialewis/anaconda3/envs/geant4-env/bin/../lib/gcc/x86_64-conda-linux-gnu/15.2.0/include]
    add: [/home/sanialewis/anaconda3/envs/geant4-env/bin/../lib/gcc/x86_64-conda-linux-gnu/15.2.0/include-fixed]
    add: [/home/sanialewis/anaconda3/envs/geant4-env/bin/../x86_64-conda-linux-gnu/sysroot/usr/include]
  end of search list found
  collapse include dir [/home/sanialewis/anaconda3/envs/geant4-env/include] ==> [/home/sanialewis/anaconda3/envs/geant4-env/include]
  collapse include dir [/home/sanialewis/anaconda3/envs/geant4-env/bin/../lib/gcc/x86_64-conda-linux-gnu/15.2.0/include] ==> [/home/sanialewis/anaconda3/envs/geant4-env/lib/gcc/x86_64-conda-linux-gnu/15.2.0/include]
  collapse include dir [/home/sanialewis/anaconda3/envs/geant4-env/bin/../lib/gcc/x86_64-conda-linux-gnu/15.2.0/include-fixed] ==> [/home/sanialewis/anaconda3/envs/geant4-env/lib/gcc/x86_64-conda-linux-gnu/15.2.0/include-fixed]
  collapse include dir [/home/sanialewis/anaconda3/envs/geant4-env/bin/../x86_64-conda-linux-gnu/sysroot/usr/include] ==> [/home/sanialewis/anaconda3/envs/geant4-env/x86_64-conda-linux-gnu/sysroot/usr/include]
  implicit include dirs: [/home/sanialewis/anaconda3/envs/geant4-env/include;/home/sanialewis/anaconda3/envs/geant4-env/lib/gcc/x86_64-conda-linux-gnu/15.2.0/include;/home/sanialewis/anaconda3/envs/geant4-env/lib/gcc/x86_64-conda-linux-gnu/15.2.0/include-fixed;/home/sanialewis/anaconda3/envs/geant4-env/x86_64-conda-linux-gnu/sysroot/usr/include]


Parsed C implicit link information from above output:
  link line regex: [^( *|.*[/\])(x86_64-conda-linux-gnu-ld|CMAKE_LINK_STARTFILE-NOTFOUND|([^/\]+-)?ld|collect2)[^/\]*( |$)]
  ignore line: [Change Dir: /home/sanialewis/Documents/Tyvek/geant4-simulation/sim/build/CMakeFiles/CMakeTmp]
  ignore line: []
  ignore line: [Run Build Command(s):/usr/bin/gmake -f Makefile cmTC_ae7e3/fast && /usr/bin/gmake  -f CMakeFiles/cmTC_ae7e3.dir/build.make CMakeFiles/cmTC_ae7e3.dir/build]
  ignore line: [gmake[1]: Entering directory '/home/sanialewis/Documents/Tyvek/geant4-simulation/sim/build/CMakeFiles/CMakeTmp']
  ignore line: [Building C object CMakeFiles/cmTC_ae7e3.dir/CMakeCCompilerABI.c.o]
  ignore line: [/home/sanialewis/anaconda3/envs/geant4-env/bin/x86_64-conda-linux-gnu-gcc   -march=nocona -mtune=haswell -ftree-vectorize -fPIC -fstack-protector-strong -fno-plt -O2 -ffunction-sections -pipe -isystem /home/sanialewis/anaconda3/envs/geant4-env/include    -v -o CMakeFiles/cmTC_ae7e3.dir/CMakeCCompilerABI.c.o -c /usr/share/cmake-3.22/Modules/CMakeCCompilerABI.c]
  ignore line: [Reading specs from /home/sanialewis/anaconda3/envs/geant4-env/bin/../lib/gcc/x86_64-conda-linux-gnu/15.2.0/specs]
  ignore line: [could not find specs file conda.specs]
  ignore line: [COLLECT_GCC=/home/sanialewis/anaconda3/envs/geant4-env/bin/x86_64-conda-linux-gnu-gcc]
  ignore line: [Target: x86_64-conda-linux-gnu]
  ignore line: [Configured with: ../configure --prefix=/home/conda/feedstock_root/build_artifacts/gcc_compilers_1771374251839/_h_env_placehold_placehold_placehold_placehold_placehold_placehold_placehold_placehold_placehold_placehold_placehold_placehold_placehold_placehold_placehold_placehold_placehold_placeho --with-slibdir=/home/conda/feedstock_root/build_artifacts/gcc_compilers_1771374251839/_h_env_placehold_placehold_placehold_placehold_placehold_placehold_placehold_placehold_placehold_placehold_placehold_placehold_placehold_placehold_placehold_placehold_placehold_placeho/lib --libdir=/home/conda/feedstock_root/build_artifacts/gcc_compilers_1771374251839/_h_env_placehold_placehold_placehold_placehold_placehold_placehold_placehold_placehold_placehold_placehold_placehold_placehold_placehold_placehold_placehold_placehold_placehold_placeho/lib --mandir=/home/conda/feedstock_root/build_artifacts/gcc_compilers_1771374251839/_h_env_placehold_placehold_placehold_placehold_placehold_placehold_placehold_placehold_placehold_placehold_placehold_placehold_placehold_placehold_placehold_placehold_placehold_placeho/share/man --build=x86_64-conda-linux-gnu --host=x86_64-conda-linux-gnu --target=x86_64-conda-linux-gnu --enable-languages=c c++ fortran objc obj-c++ --enable-libgomp --disable-libssp --enable-libquadmath --enable-libquadmath-support --disable-nls --disable-bootstrap --disable-multilib --enable-long-long --without-zstd --with-native-system-header-dir=/usr/include --with-gxx-include-dir=/home/conda/feedstock_root/build_artifacts/gcc_compilers_1771374251839/_h_env_placehold_placehold_placehold_placehold_placehold_placehold_placehold_placehold_placehold_placehold_placehold_placehold_placehold_placehold_placehold_placehold_placehold_placeho/lib/gcc/x86_64-conda-linux-gnu/15.2.0/include/c++ --with-gxx-libcxx-include-dir=/home/conda/feedstock_root/build_artifacts/gcc_compilers_1771374251839/_h_env_placehold_placehold_placehold_placehold_placehold_placehold_placehold_placehold_placehold_placehold_placehold_placehold_placehold_placehold_placehold_placehold_placehold_placeho/lib/gcc/x86_64-conda-linux-gnu/15.2.0/../../../../include/c++/v1 --with-pkgversion='conda-forge gcc 15.2.0-18' --with-bugurl=https://github.com/conda-forge/ctng-compilers-feedstock/issues/new/choose --enable-libsanitizer --enable-default-pie --enable-threads=posix --enable-__cxa_atexit --with-sysroot=/home/conda/feedstock_root/build_artifacts/gcc_compilers_1771374251839/_h_env_placehold_placehold_placehold_placehold_placehold_placehold_placehold_placehold_placehold_placehold_placehold_placehold_placehold_placehold_placehold_placehold_placehold_placeho/x86_64-conda-linux-gnu/sysroot --with-build-sysroot=/home/conda/feedstock_root/build_artifacts/gcc_compilers_1771374251839/_build_env/x86_64-conda-linux-gnu/sysroot --enable-plugin --enable-lto]
  ignore line: [Thread model: posix]
  ignore line: [Supported LTO compression algorithms: zlib]
  ignore line: [gcc version 15.2.0 (conda-forge gcc 15.2.0-18) ]
  ignore line: [COLLECT_GCC_OPTIONS='-march=nocona' '-mtune=haswell' '-ftree-vectorize' '-fPIC' '-fstack-protector-strong' '-fno-plt' '-O2' '-ffunction-sections' '-pipe' '-isystem' '/home/sanialewis/anaconda3/envs/geant4-env/include' '-v' '-o' 'CMakeFiles/cmTC_ae7e3.dir/CMakeCCompilerABI.c.o' '-c' '-dumpdir' 'CMakeFiles/cmTC_ae7e3.dir/']
  ignore line: [ /home/sanialewis/anaconda3/envs/geant4-env/bin/../libexec/gcc/x86_64-conda-linux-gnu/15.2.0/cc1 -quiet -v -iprefix /home/sanialewis/anaconda3/envs/geant4-env/bin/../lib/gcc/x86_64-conda-linux-gnu/15.2.0/ -isysroot /home/sanialewis/anaconda3/envs/geant4-env/bin/../x86_64-conda-linux-gnu/sysroot -isystem /home/sanialewis/anaconda3/envs/geant4-env/include /usr/share/cmake-3.22/Modules/CMakeCCompilerABI.c -quiet -dumpdir CMakeFiles/cmTC_ae7e3.dir/ -dumpbase CMakeCCompilerABI.c.c -dumpbase-ext .c -march=nocona -mtune=haswell -O2 -version -ftree-vectorize -fPIC -fstack-protector-strong -fno-plt -ffunction-sections -o - |]
  ignore line: [ /home/sanialewis/anaconda3/envs/geant4-env/bin/../lib/gcc/x86_64-conda-linux-gnu/15.2.0/../../../../x86_64-conda-linux-gnu/bin/as -v --64 -o CMakeFiles/cmTC_ae7e3.dir/CMakeCCompilerABI.c.o]
  ignore line: [GNU assembler version 2.45.1 (x86_64-conda-linux-gnu) using BFD version (GNU Binutils) 2.45.1]
  ignore line: [GNU C23 (conda-forge gcc 15.2.0-18) version 15.2.0 (x86_64-conda-linux-gnu)]
  ignore line: [	compiled by GNU C version 15.2.0  GMP version 6.2.1  MPFR version 4.1.0  MPC version 1.2.1  isl version isl-0.24-GMP]
  ignore line: []
  ignore line: [GGC heuristics: --param ggc-min-expand=100 --param ggc-min-heapsize=131072]
  ignore line: [ignoring nonexistent directory "/home/sanialewis/anaconda3/envs/geant4-env/bin/../lib/gcc/x86_64-conda-linux-gnu/15.2.0/../../../../x86_64-conda-linux-gnu/include"]
  ignore line: [ignoring duplicate directory "/home/sanialewis/anaconda3/envs/geant4-env/bin/../lib/gcc/../../lib/gcc/x86_64-conda-linux-gnu/15.2.0/include"]
  ignore line: [ignoring nonexistent directory "/home/sanialewis/anaconda3/envs/geant4-env/bin/../x86_64-conda-linux-gnu/sysroot/usr/local/include"]
  ignore line: [ignoring duplicate directory "/home/sanialewis/anaconda3/envs/geant4-env/bin/../lib/gcc/../../lib/gcc/x86_64-conda-linux-gnu/15.2.0/include-fixed"]
  ignore line: [ignoring nonexistent directory "/home/sanialewis/anaconda3/envs/geant4-env/bin/../lib/gcc/../../lib/gcc/x86_64-conda-linux-gnu/15.2.0/../../../../x86_64-conda-linux-gnu/include"]
  ignore line: [#include "..." search starts here:]
  ignore line: [#include <...> search starts here:]
  ignore line: [ /home/sanialewis/anaconda3/envs/geant4-env/include]
  ignore line: [ /home/sanialewis/anaconda3/envs/geant4-env/bin/../lib/gcc/x86_64-conda-linux-gnu/15.2.0/include]
  ignore line: [ /home/sanialewis/anaconda3/envs/geant4-env/bin/../lib/gcc/x86_64-conda-linux-gnu/15.2.0/include-fixed]
  ignore line: [ /home/sanialewis/anaconda3/envs/geant4-env/bin/../x86_64-conda-linux-gnu/sysroot/usr/include]
  ignore line: [End of search list.]
  ignore line: [Compiler executable checksum: 6df4481b92ea484a516450287e26d5c1]
  ignore line: [COMPILER_PATH=/home/sanialewis/anaconda3/envs/geant4-env/bin/../libexec/gcc/x86_64-conda-linux-gnu/15.2.0/:/home/sanialewis/anaconda3/envs/geant4-env/bin/../libexec/gcc/:/home/sanialewis/anaconda3/envs/geant4-env/bin/../lib/gcc/x86_64-conda-linux-gnu/15.2.0/../../../../x86_64-conda-linux-gnu/bin/]
  ignore line: [LIBRARY_PATH=/home/sanialewis/anaconda3/envs/geant4-env/bin/../lib/gcc/x86_64-conda-linux-gnu/15.2.0/:/home/sanialewis/anaconda3/envs/geant4-env/bin/../lib/gcc/:/home/sanialewis/anaconda3/envs/geant4-env/bin/../lib/gcc/x86_64-conda-linux-gnu/15.2.0/../../../../x86_64-conda-linux-gnu/lib/../lib/:/home/sanialewis/anaconda3/envs/geant4-env/bin/../lib/gcc/x86_64-conda-linux-gnu/15.2.0/../../../../lib/:/home/sanialewis/anaconda3/envs/geant4-env/bin/../x86_64-conda-linux-gnu/sysroot/lib/../lib/:/home/sanialewis/anaconda3/envs/geant4-env/bin/../x86_64-conda-linux-gnu/sysroot/usr/lib/../lib/:/home/sanialewis/anaconda3/envs/geant4-env/bin/../lib/gcc/x86_64-conda-linux-gnu/15.2.0/../../../../x86_64-conda-linux-gnu/lib/:/home/sanialewis/anaconda3/envs/geant4-env/bin/../lib/gcc/x86_64-conda-linux-gnu/15.2.0/../../../:/home/sanialewis/anaconda3/envs/geant4-env/bin/../x86_64-conda-linux-gnu/sysroot/lib/:/home/sanialewis/anaconda3/envs/geant4-env/bin/../x86_64-conda-linux-gnu/sysroot/usr/lib/]
  ignore line: [COLLECT_GCC_OPTIONS='-march=nocona' '-mtune=haswell' '-ftree-vectorize' '-fPIC' '-fstack-protector-strong' '-fno-plt' '-O2' '-ffunction-sections' '-pipe' '-isystem' '/home/sanialewis/anaconda3/envs/geant4-env/include' '-v' '-o' 'CMakeFiles/cmTC_ae7e3.dir/CMakeCCompilerABI.c.o' '-c' '-dumpdir' 'CMakeFiles/cmTC_ae7e3.dir/CMakeCCompilerABI.c.']
  ignore line: [Linking C executable cmTC_ae7e3]
  ignore line: [/usr/bin/cmake -E cmake_link_script CMakeFiles/cmTC_ae7e3.dir/link.txt --verbose=1]
  ignore line: [/home/sanialewis/anaconda3/envs/geant4-env/bin/x86_64-conda-linux-gnu-gcc -march=nocona -mtune=haswell -ftree-vectorize -fPIC -fstack-protector-strong -fno-plt -O2 -ffunction-sections -pipe -isystem /home/sanialewis/anaconda3/envs/geant4-env/include  -Wl -O2 -Wl --sort-common -Wl --as-needed -Wl -z relro -Wl -z now -Wl --disable-new-dtags -Wl --gc-sections -Wl --allow-shlib-undefined -Wl -rpath /home/sanialewis/anaconda3/envs/geant4-env/lib -Wl -rpath-link /home/sanialewis/anaconda3/envs/geant4-env/lib -L/home/sanialewis/anaconda3/envs/geant4-env/lib -v CMakeFiles/cmTC_ae7e3.dir/CMakeCCompilerABI.c.o -o cmTC_ae7e3 ]
  ignore line: [Reading specs from /home/sanialewis/anaconda3/envs/geant4-env/bin/../lib/gcc/x86_64-conda-linux-gnu/15.2.0/specs]
  ignore line: [could not find specs file conda.specs]
  ignore line: [COLLECT_GCC=/home/sanialewis/anaconda3/envs/geant4-env/bin/x86_64-conda-linux-gnu-gcc]
  ignore line: [COLLECT_LTO_WRAPPER=/home/sanialewis/anaconda3/envs/geant4-env/bin/../libexec/gcc/x86_64-conda-linux-gnu/15.2.0/lto-wrapper]
  ignore line: [Target: x86_64-conda-linux-gnu]
  ignore line: [Configured with: ../configure --prefix=/home/conda/feedstock_root/build_artifacts/gcc_compilers_1771374251839/_h_env_placehold_placehold_placehold_placehold_placehold_placehold_placehold_placehold_placehold_placehold_placehold_placehold_placehold_placehold_placehold_placehold_placehold_placeho --with-slibdir=/home/conda/feedstock_root/build_artifacts/gcc_compilers_1771374251839/_h_env_placehold_placehold_placehold_placehold_placehold_placehold_placehold_placehold_placehold_placehold_placehold_placehold_placehold_placehold_placehold_placehold_placehold_placeho/lib --libdir=/home/conda/feedstock_root/build_artifacts/gcc_compilers_1771374251839/_h_env_placehold_placehold_placehold_placehold_placehold_placehold_placehold_placehold_placehold_placehold_placehold_placehold_placehold_placehold_placehold_placehold_placehold_placeho/lib --mandir=/home/conda/feedstock_root/build_artifacts/gcc_compilers_1771374251839/_h_env_placehold_placehold_placehold_placehold_placehold_placehold_placehold_placehold_placehold_placehold_placehold_placehold_placehold_placehold_placehold_placehold_placehold_placeho/share/man --build=x86_64-conda-linux-gnu --host=x86_64-conda-linux-gnu --target=x86_64-conda-linux-gnu --enable-languages=c c++ fortran objc obj-c++ --enable-libgomp --disable-libssp --enable-libquadmath --enable-libquadmath-support --disable-nls --disable-bootstrap --disable-multilib --enable-long-long --without-zstd --with-native-system-header-dir=/usr/include --with-gxx-include-dir=/home/conda/feedstock_root/build_artifacts/gcc_compilers_1771374251839/_h_env_placehold_placehold_placehold_placehold_placehold_placehold_placehold_placehold_placehold_placehold_placehold_placehold_placehold_placehold_placehold_placehold_placehold_placeho/lib/gcc/x86_64-conda-linux-gnu/15.2.0/include/c++ --with-gxx-libcxx-include-dir=/home/conda/feedstock_root/build_artifacts/gcc_compilers_1771374251839/_h_env_placehold_placehold_placehold_placehold_placehold_placehold_placehold_placehold_placehold_placehold_placehold_placehold_placehold_placehold_placehold_placehold_placehold_placeho/lib/gcc/x86_64-conda-linux-gnu/15.2.0/../../../../include/c++/v1 --with-pkgversion='conda-forge gcc 15.2.0-18' --with-bugurl=https://github.com/conda-forge/ctng-compilers-feedstock/issues/new/choose --enable-libsanitizer --enable-default-pie --enable-threads=posix --enable-__cxa_atexit --with-sysroot=/home/conda/feedstock_root/build_artifacts/gcc_compilers_1771374251839/_h_env_placehold_placehold_placehold_placehold_placehold_placehold_placehold_placehold_placehold_placehold_placehold_placehold_placehold_placehold_placehold_placehold_placehold_placeho/x86_64-conda-linux-gnu/sysroot --with-build-sysroot=/home/conda/feedstock_root/build_artifacts/gcc_compilers_1771374251839/_build_env/x86_64-conda-linux-gnu/sysroot --enable-plugin --enable-lto]
  ignore line: [Thread model: posix]
  ignore line: [Supported LTO compression algorithms: zlib]
  ignore line: [gcc version 15.2.0 (conda-forge gcc 15.2.0-18) ]
  ignore line: [COMPILER_PATH=/home/sanialewis/anaconda3/envs/geant4-env/bin/../libexec/gcc/x86_64-conda-linux-gnu/15.2.0/:/home/sanialewis/anaconda3/envs/geant4-env/bin/../libexec/gcc/:/home/sanialewis/anaconda3/envs/geant4-env/bin/../lib/gcc/x86_64-conda-linux-gnu/15.2.0/../../../../x86_64-conda-linux-gnu/bin/]
  ignore line: [LIBRARY_PATH=/home/sanialewis/anaconda3/envs/geant4-env/bin/../lib/gcc/x86_64-conda-linux-gnu/15.2.0/:/home/sanialewis/anaconda3/envs/geant4-env/bin/../lib/gcc/:/home/sanialewis/anaconda3/envs/geant4-env/bin/../lib/gcc/x86_64-conda-linux-gnu/15.2.0/../../../../x86_64-conda-linux-gnu/lib/../lib/:/home/sanialewis/anaconda3/envs/geant4-env/bin/../lib/gcc/x86_64-conda-linux-gnu/15.2.0/../../../../lib/:/home/sanialewis/anaconda3/envs/geant4-env/bin/../x86_64-conda-linux-gnu/sysroot/lib/../lib/:/home/sanialewis/anaconda3/envs/geant4-env/bin/../x86_64-conda-linux-gnu/sysroot/usr/lib/../lib/:/home/sanialewis/anaconda3/envs/geant4-env/bin/../lib/gcc/x86_64-conda-linux-gnu/15.2.0/../../../../x86_64-conda-linux-gnu/lib/:/home/sanialewis/anaconda3/envs/geant4-env/bin/../lib/gcc/x86_64-conda-linux-gnu/15.2.0/../../../:/home/sanialewis/anaconda3/envs/geant4-env/bin/../x86_64-conda-linux-gnu/sysroot/lib/:/home/sanialewis/anaconda3/envs/geant4-env/bin/../x86_64-conda-linux-gnu/sysroot/usr/lib/]
  ignore line: [COLLECT_GCC_OPTIONS='-march=nocona' '-mtune=haswell' '-ftree-vectorize' '-fPIC' '-fstack-protector-strong' '-fno-plt' '-O2' '-ffunction-sections' '-pipe' '-isystem' '/home/sanialewis/anaconda3/envs/geant4-env/include' '-L/home/sanialewis/anaconda3/envs/geant4-env/lib' '-v' '-o' 'cmTC_ae7e3' '-dumpdir' 'cmTC_ae7e3.']
  link line: [ /home/sanialewis/anaconda3/envs/geant4-env/bin/../libexec/gcc/x86_64-conda-linux-gnu/15.2.0/collect2 -plugin /home/sanialewis/anaconda3/envs/geant4-env/bin/../libexec/gcc/x86_64-conda-linux-gnu/15.2.0/liblto_plugin.so -plugin-opt=/home/sanialewis/anaconda3/envs/geant4-env/bin/../libexec/gcc/x86_64-conda-linux-gnu/15.2.0/lto-wrapper -plugin-opt=-fresolution=/tmp/cc2JgmZ5.res -plugin-opt=-pass-through=-lgcc -plugin-opt=-pass-through=-lgcc_s -plugin-opt=-pass-through=-lc -plugin-opt=-pass-through=-lgcc -plugin-opt=-pass-through=-lgcc_s --sysroot=/home/sanialewis/anaconda3/envs/geant4-env/bin/../x86_64-conda-linux-gnu/sysroot --eh-frame-hdr -m elf_x86_64 -dynamic-linker /lib64/ld-linux-x86-64.so.2 -pie -o cmTC_ae7e3 /home/sanialewis/anaconda3/envs/geant4-env/bin/../x86_64-conda-linux-gnu/sysroot/usr/lib/../lib/Scrt1.o /home/sanialewis/anaconda3/envs/geant4-env/bin/../x86_64-conda-linux-gnu/sysroot/usr/lib/../lib/crti.o /home/sanialewis/anaconda3/envs/geant4-env/bin/../lib/gcc/x86_64-conda-linux-gnu/15.2.0/crtbeginS.o -L/home/sanialewis/anaconda3/envs/geant4-env/lib -L/home/sanialewis/anaconda3/envs/geant4-env/bin/../lib/gcc/x86_64-conda-linux-gnu/15.2.0 -L/home/sanialewis/anaconda3/envs/geant4-env/bin/../lib/gcc -L/home/sanialewis/anaconda3/envs/geant4-env/bin/../lib/gcc/x86_64-conda-linux-gnu/15.2.0/../../../../x86_64-conda-linux-gnu/lib/../lib -L/home/sanialewis/anaconda3/envs/geant4-env/bin/../lib/gcc/x86_64-conda-linux-gnu/15.2.0/../../../../lib -L/home/sanialewis/anaconda3/envs/geant4-env/bin/../x86_64-conda-linux-gnu/sysroot/lib/../lib -L/home/sanialewis/anaconda3/envs/geant4-env/bin/../x86_64-conda-linux-gnu/sysroot/usr/lib/../lib -L/home/sanialewis/anaconda3/envs/geant4-env/bin/../lib/gcc/x86_64-conda-linux-gnu/15.2.0/../../../../x86_64-conda-linux-gnu/lib -L/home/sanialewis/anaconda3/envs/geant4-env/bin/../lib/gcc/x86_64-conda-linux-gnu/15.2.0/../../.. -L/home/sanialewis/anaconda3/envs/geant4-env/bin/../x86_64-conda-linux-gnu/sysroot/lib -L/home/sanialewis/anaconda3/envs/geant4-env/bin/../x86_64-conda-linux-gnu/sysroot/usr/lib -O2 --sort-common --as-needed -z relro -z now --disable-new-dtags --gc-sections --allow-shlib-undefined -rpath /home/sanialewis/anaconda3/envs/geant4-env/lib -rpath-link /home/sanialewis/anaconda3/envs/geant4-env/lib CMakeFiles/cmTC_ae7e3.dir/CMakeCCompilerABI.c.o -lgcc --push-state --as-needed -lgcc_s --pop-state -lc -lgcc --push-state --as-needed -lgcc_s --pop-state /home/sanialewis/anaconda3/envs/geant4-env/bin/../lib/gcc/x86_64-conda-linux-gnu/15.2.0/crtendS.o /home/sanialewis/anaconda3/envs/geant4-env/bin/../x86_64-conda-linux-gnu/sysroot/usr/lib/../lib/crtn.o -rpath /home/sanialewis/anaconda3/envs/geant4-env/lib]
    arg [/home/sanialewis/anaconda3/envs/geant4-env/bin/../libexec/gcc/x86_64-conda-linux-gnu/15.2.0/collect2] ==> ignore
    arg [-plugin] ==> ignore
    arg [/home/sanialewis/anaconda3/envs/geant4-env/bin/../libexec/gcc/x86_64-conda-linux-gnu/15.2.0/liblto_plugin.so] ==> ignore
    arg [-plugin-opt=/home/sanialewis/anaconda3/envs/geant4-env/bin/../libexec/gcc/x86_64-conda-linux-gnu/15.2.0/lto-wrapper] ==> ignore
    arg [-plugin-opt=-fresolution=/tmp/cc2JgmZ5.res] ==> ignore
    arg [-plugin-opt=-pass-through=-lgcc] ==> ignore
    arg [-plugin-opt=-pass-through=-lgcc_s] ==> ignore
    arg [-plugin-opt=-pass-through=-lc] ==> ignore
    arg [-plugin-opt=-pass-through=-lgcc] ==> ignore
    arg [-plugin-opt=-pass-through=-lgcc_s] ==> ignore
    arg [--sysroot=/home/sanialewis/anaconda3/envs/geant4-env/bin/../x86_64-conda-linux-gnu/sysroot] ==> ignore
    arg [--eh-frame-hdr] ==> ignore
    arg [-m] ==> ignore
    arg [elf_x86_64] ==> ignore
    arg [-dynamic-linker] ==> ignore
    arg [/lib64/ld-linux-x86-64.so.2] ==> ignore
    arg [-pie] ==> ignore
    arg [-o] ==> ignore
    arg [cmTC_ae7e3] ==> ignore
    arg [/home/sanialewis/anaconda3/envs/geant4-env/bin/../x86_64-conda-linux-gnu/sysroot/usr/lib/../lib/Scrt1.o] ==> obj [/home/sanialewis/anaconda3/envs/geant4-env/bin/../x86_64-conda-linux-gnu/sysroot/usr/lib/../lib/Scrt1.o]
    arg [/home/sanialewis/anaconda3/envs/geant4-env/bin/../x86_64-conda-linux-gnu/sysroot/usr/lib/../lib/crti.o] ==> obj [/home/sanialewis/anaconda3/envs/geant4-env/bin/../x86_64-conda-linux-gnu/sysroot/usr/lib/../lib/crti.o]
    arg [/home/sanialewis/anaconda3/envs/geant4-env/bin/../lib/gcc/x86_64-conda-linux-gnu/15.2.0/crtbeginS.o] ==> obj [/home/sanialewis/anaconda3/envs/geant4-env/bin/../lib/gcc/x86_64-conda-linux-gnu/15.2.0/crtbeginS.o]
    arg [-L/home/sanialewis/anaconda3/envs/geant4-env/lib] ==> dir [/home/sanialewis/anaconda3/envs/geant4-env/lib]
    arg [-L/home/sanialewis/anaconda3/envs/geant4-env/bin/../lib/gcc/x86_64-conda-linux-gnu/15.2.0] ==> dir [/home/sanialewis/anaconda3/envs/geant4-env/bin/../lib/gcc/x86_64-conda-linux-gnu/15.2.0]
    arg [-L/home/sanialewis/anaconda3/envs/geant4-env/bin/../lib/gcc] ==> dir [/home/sanialewis/anaconda3/envs/geant4-env/bin/../lib/gcc]
    arg [-L/home/sanialewis/anaconda3/envs/geant4-env/bin/../lib/gcc/x86_64-conda-linux-gnu/15.2.0/../../../../x86_64-conda-linux-gnu/lib/../lib] ==> dir [/home/sanialewis/anaconda3/envs/geant4-env/bin/../lib/gcc/x86_64-conda-linux-gnu/15.2.0/../../../../x86_64-conda-linux-gnu/lib/../lib]
    arg [-L/home/sanialewis/anaconda3/envs/geant4-env/bin/../lib/gcc/x86_64-conda-linux-gnu/15.2.0/../../../../lib] ==> dir [/home/sanialewis/anaconda3/envs/geant4-env/bin/../lib/gcc/x86_64-conda-linux-gnu/15.2.0/../../../../lib]
    arg [-L/home/sanialewis/anaconda3/envs/geant4-env/bin/../x86_64-conda-linux-gnu/sysroot/lib/../lib] ==> dir [/home/sanialewis/anaconda3/envs/geant4-env/bin/../x86_64-conda-linux-gnu/sysroot/lib/../lib]
    arg [-L/home/sanialewis/anaconda3/envs/geant4-env/bin/../x86_64-conda-linux-gnu/sysroot/usr/lib/../lib] ==> dir [/home/sanialewis/anaconda3/envs/geant4-env/bin/../x86_64-conda-linux-gnu/sysroot/usr/lib/../lib]
    arg [-L/home/sanialewis/anaconda3/envs/geant4-env/bin/../lib/gcc/x86_64-conda-linux-gnu/15.2.0/../../../../x86_64-conda-linux-gnu/lib] ==> dir [/home/sanialewis/anaconda3/envs/geant4-env/bin/../lib/gcc/x86_64-conda-linux-gnu/15.2.0/../../../../x86_64-conda-linux-gnu/lib]
    arg [-L/home/sanialewis/anaconda3/envs/geant4-env/bin/../lib/gcc/x86_64-conda-linux-gnu/15.2.0/../../..] ==> dir [/home/sanialewis/anaconda3/envs/geant4-env/bin/../lib/gcc/x86_64-conda-linux-gnu/15.2.0/../../..]
    arg [-L/home/sanialewis/anaconda3/envs/geant4-env/bin/../x86_64-conda-linux-gnu/sysroot/lib] ==> dir [/home/sanialewis/anaconda3/envs/geant4-env/bin/../x86_64-conda-linux-gnu/sysroot/lib]
    arg [-L/home/sanialewis/anaconda3/envs/geant4-env/bin/../x86_64-conda-linux-gnu/sysroot/usr/lib] ==> dir [/home/sanialewis/anaconda3/envs/geant4-env/bin/../x86_64-conda-linux-gnu/sysroot/usr/lib]
    arg [-O2] ==> ignore
    arg [--sort-common] ==> ignore
    arg [--as-needed] ==> ignore
    arg [-zrelro] ==> ignore
    arg [-znow] ==> ignore
    arg [--disable-new-dtags] ==> ignore
    arg [--gc-sections] ==> ignore
    arg [--allow-shlib-undefined] ==> ignore
    arg [-rpath] ==> ignore
    arg [/home/sanialewis/anaconda3/envs/geant4-env/lib] ==> ignore
    arg [-rpath-link] ==> ignore
    arg [/home/sanialewis/anaconda3/envs/geant4-env/lib] ==> ignore
    arg [CMakeFiles/cmTC_ae7e3.dir/CMakeCCompilerABI.c.o] ==> ignore
    arg [-lgcc] ==> lib [gcc]
    arg [--push-state] ==> ignore
    arg [--as-needed] ==> ignore
    arg [-lgcc_s] ==> lib [gcc_s]
    arg [--pop-state] ==> ignore
    arg [-lc] ==> lib [c]
    arg [-lgcc] ==> lib [gcc]
    arg [--push-state] ==> ignore
    arg [--as-needed] ==> ignore
    arg [-lgcc_s] ==> lib [gcc_s]
    arg [--pop-state] ==> ignore
    arg [/home/sanialewis/anaconda3/envs/geant4-env/bin/../lib/gcc/x86_64-conda-linux-gnu/15.2.0/crtendS.o] ==> obj [/home/sanialewis/anaconda3/envs/geant4-env/bin/../lib/gcc/x86_64-conda-linux-gnu/15.2.0/crtendS.o]
    arg [/home/sanialewis/anaconda3/envs/geant4-env/bin/../x86_64-conda-linux-gnu/sysroot/usr/lib/../lib/crtn.o] ==> obj [/home/sanialewis/anaconda3/envs/geant4-env/bin/../x86_64-conda-linux-gnu/sysroot/usr/lib/../lib/crtn.o]
    arg [-rpath] ==> ignore
    arg [/home/sanialewis/anaconda3/envs/geant4-env/lib] ==> ignore
  collapse obj [/home/sanialewis/anaconda3/envs/geant4-env/bin/../x86_64-conda-linux-gnu/sysroot/usr/lib/../lib/Scrt1.o] ==> [/home/sanialewis/anaconda3/envs/geant4-env/x86_64-conda-linux-gnu/sysroot/usr/lib/Scrt1.o]
  collapse obj [/home/sanialewis/anaconda3/envs/geant4-env/bin/../x86_64-conda-linux-gnu/sysroot/usr/lib/../lib/crti.o] ==> [/home/sanialewis/anaconda3/envs/geant4-env/x86_64-conda-linux-gnu/sysroot/usr/lib/crti.o]
  collapse obj [/home/sanialewis/anaconda3/envs/geant4-env/bin/../lib/gcc/x86_64-conda-linux-gnu/15.2.0/crtbeginS.o] ==> [/home/sanialewis/anaconda3/envs/geant4-env/lib/gcc/x86_64-conda-linux-gnu/15.2.0/crtbeginS.o]
  collapse obj [/home/sanialewis/anaconda3/envs/geant4-env/bin/../lib/gcc/x86_64-conda-linux-gnu/15.2.0/crtendS.o] ==> [/home/sanialewis/anaconda3/envs/geant4-env/lib/gcc/x86_64-conda-linux-gnu/15.2.0/crtendS.o]
  collapse obj [/home/sanialewis/anaconda3/envs/geant4-env/bin/../x86_64-conda-linux-gnu/sysroot/usr/lib/../lib/crtn.o] ==> [/home/sanialewis/anaconda3/envs/geant4-env/x86_64-conda-linux-gnu/sysroot/usr/lib/crtn.o]
  collapse library dir [/home/sanialewis/anaconda3/envs/geant4-env/lib] ==> [/home/sanialewis/anaconda3/envs/geant4-env/lib]
  collapse library dir [/home/sanialewis/anaconda3/envs/geant4-env/bin/../lib/gcc/x86_64-conda-linux-gnu/15.2.0] ==> [/home/sanialewis/anaconda3/envs/geant4-env/lib/gcc/x86_64-conda-linux-gnu/15.2.0]
  collapse library dir [/home/sanialewis/anaconda3/envs/geant4-env/bin/../lib/gcc] ==> [/home/sanialewis/anaconda3/envs/geant4-env/lib/gcc]
  collapse library dir [/home/sanialewis/anaconda3/envs/geant4-env/bin/../lib/gcc/x86_64-conda-linux-gnu/15.2.0/../../../../x86_64-conda-linux-gnu/lib/../lib] ==> [/home/sanialewis/anaconda3/envs/geant4-env/x86_64-conda-linux-gnu/lib]
  collapse library dir [/home/sanialewis/anaconda3/envs/geant4-env/bin/../lib/gcc/x86_64-conda-linux-gnu/15.2.0/../../../../lib] ==> [/home/sanialewis/anaconda3/envs/geant4-env/lib]
  collapse library dir [/home/sanialewis/anaconda3/envs/geant4-env/bin/../x86_64-conda-linux-gnu/sysroot/lib/../lib] ==> [/home/sanialewis/anaconda3/envs/geant4-env/x86_64-conda-linux-gnu/sysroot/lib]
  collapse library dir [/home/sanialewis/anaconda3/envs/geant4-env/bin/../x86_64-conda-linux-gnu/sysroot/usr/lib/../lib] ==> [/home/sanialewis/anaconda3/envs/geant4-env/x86_64-conda-linux-gnu/sysroot/usr/lib]
  collapse library dir [/home/sanialewis/anaconda3/envs/geant4-env/bin/../lib/gcc/x86_64-conda-linux-gnu/15.2.0/../../../../x86_64-conda-linux-gnu/lib] ==> [/home/sanialewis/anaconda3/envs/geant4-env/x86_64-conda-linux-gnu/lib]
  collapse library dir [/home/sanialewis/anaconda3/envs/geant4-env/bin/../lib/gcc/x86_64-conda-linux-gnu/15.2.0/../../..] ==> [/home/sanialewis/anaconda3/envs/geant4-env/lib]
  collapse library dir [/home/sanialewis/anaconda3/envs/geant4-env/bin/../x86_64-conda-linux-gnu/sysroot/lib] ==> [/home/sanialewis/anaconda3/envs/geant4-env/x86_64-conda-linux-gnu/sysroot/lib]
  collapse library dir [/home/sanialewis/anaconda3/envs/geant4-env/bin/../x86_64-conda-linux-gnu/sysroot/usr/lib] ==> [/home/sanialewis/anaconda3/envs/geant4-env/x86_64-conda-linux-gnu/sysroot/usr/lib]
  implicit libs: [gcc;gcc_s;c;gcc;gcc_s]
  implicit objs: [/home/sanialewis/anaconda3/envs/geant4-env/x86_64-conda-linux-gnu/sysroot/usr/lib/Scrt1.o;/home/sanialewis/anaconda3/envs/geant4-env/x86_64-conda-linux-gnu/sysroot/usr/lib/crti.o;/home/sanialewis/anaconda3/envs/geant4-env/lib/gcc/x86_64-conda-linux-gnu/15.2.0/crtbeginS.o;/home/sanialewis/anaconda3/envs/geant4-env/lib/gcc/x86_64-conda-linux-gnu/15.2.0/crtendS.o;/home/sanialewis/anaconda3/envs/geant4-env/x86_64-conda-linux-gnu/sysroot/usr/lib/crtn.o]
  implicit dirs: [/home/sanialewis/anaconda3/envs/geant4-env/lib;/home/sanialewis/anaconda3/envs/geant4-env/lib/gcc/x86_64-conda-linux-gnu/15.2.0;/home/sanialewis/anaconda3/envs/geant4-env/lib/gcc;/home/sanialewis/anaconda3/envs/geant4-env/x86_64-conda-linux-gnu/lib;/home/sanialewis/anaconda3/envs/geant4-env/x86_64-conda-linux-gnu/sysroot/lib;/home/sanialewis/anaconda3/envs/geant4-env/x86_64-conda-linux-gnu/sysroot/usr/lib]
  implicit fwks: []


Detecting CXX compiler ABI info compiled with the following output:
Change Dir: /home/sanialewis/Documents/Tyvek/geant4-simulation/sim/build/CMakeFiles/CMakeTmp

Run Build Command(s):/usr/bin/gmake -f Makefile cmTC_25d7f/fast && /usr/bin/gmake  -f CMakeFiles/cmTC_25d7f.dir/build.make CMakeFiles/cmTC_25d7f.dir/build
gmake[1]: Entering directory '/home/sanialewis/Documents/Tyvek/geant4-simulation/sim/build/CMakeFiles/CMakeTmp'
Building CXX object CMakeFiles/cmTC_25d7f.dir/CMakeCXXCompilerABI.cpp.o
/home/sanialewis/anaconda3/envs/geant4-env/bin/x86_64-conda-linux-gnu-g++   -fvisibility-inlines-hidden -fmessage-length=0 -march=nocona -mtune=haswell -ftree-vectorize -fPIC -fstack-protector-strong -fno-plt -O2 -ffunction-sections -pipe -isystem /home/sanialewis/anaconda3/envs/geant4-env/include    -v -o CMakeFiles/cmTC_25d7f.dir/CMakeCXXCompilerABI.cpp.o -c /usr/share/cmake-3.22/Modules/CMakeCXXCompilerABI.cpp
Reading specs from /home/sanialewis/anaconda3/envs/geant4-env/bin/../lib/gcc/x86_64-conda-linux-gnu/15.2.0/specs
could not find specs file conda.specs
COLLECT_GCC=/home/sanialewis/anaconda3/envs/geant4-env/bin/x86_64-conda-linux-gnu-g++
Target: x86_64-conda-linux-gnu
Configured with: ../configure --prefix=/home/conda/feedstock_root/build_artifacts/gcc_compilers_1771374251839/_h_env_placehold_placehold_placehold_placehold_placehold_placehold_placehold_placehold_placehold_placehold_placehold_placehold_placehold_placehold_placehold_placehold_placehold_placeho --with-slibdir=/home/conda/feedstock_root/build_artifacts/gcc_compilers_1771374251839/_h_env_placehold_placehold_placehold_placehold_placehold_placehold_placehold_placehold_placehold_placehold_placehold_placehold_placehold_placehold_placehold_placehold_placehold_placeho/lib --libdir=/home/conda/feedstock_root/build_artifacts/gcc_compilers_1771374251839/_h_env_placehold_placehold_placehold_placehold_placehold_placehold_placehold_placehold_placehold_placehold_placehold_placehold_placehold_placehold_placehold_placehold_placehold_placeho/lib --mandir=/home/conda/feedstock_root/build_artifacts/gcc_compilers_1771374251839/_h_env_placehold_placehold_placehold_placehold_placehold_placehold_placehold_placehold_placehold_placehold_placehold_placehold_placehold_placehold_placehold_placehold_placehold_placeho/share/man --build=x86_64-conda-linux-gnu --host=x86_64-conda-linux-gnu --target=x86_64-conda-linux-gnu --enable-languages=c,c++,fortran,objc,obj-c++ --enable-libgomp --disable-libssp --enable-libquadmath --enable-libquadmath-support --disable-nls --disable-bootstrap --disable-multilib --enable-long-long --without-zstd --with-native-system-header-dir=/usr/include --with-gxx-include-dir=/home/conda/feedstock_root/build_artifacts/gcc_compilers_1771374251839/_h_env_placehold_placehold_placehold_placehold_placehold_placehold_placehold_placehold_placehold_placehold_placehold_placehold_placehold_placehold_placehold_placehold_placehold_placeho/lib/gcc/x86_64-conda-linux-gnu/15.2.0/include/c++ --with-gxx-libcxx-include-dir=/home/conda/feedstock_root/build_artifacts/gcc_compilers_1771374251839/_h_env_placehold_placehold_placehold_placehold_placehold_placehold_placehold_placehold_placehold_placehold_placehold_placehold_placehold_placehold_placehold_placehold_placehold_placeho/lib/gcc/x86_64-conda-linux-gnu/15.2.0/../../../../include/c++/v1 --with-pkgversion='conda-forge gcc 15.2.0-18' --with-bugurl=https://github.com/conda-forge/ctng-compilers-feedstock/issues/new/choose --enable-libsanitizer --enable-default-pie --enable-threads=posix --enable-__cxa_atexit --with-sysroot=/home/conda/feedstock_root/build_artifacts/gcc_compilers_1771374251839/_h_env_placehold_placehold_placehold_placehold_placehold_placehold_placehold_placehold_placehold_placehold_placehold_placehold_placehold_placehold_placehold_placehold_placehold_placeho/x86_64-conda-linux-gnu/sysroot --with-build-sysroot=/home/conda/feedstock_root/build_artifacts/gcc_compilers_1771374251839/_build_env/x86_64-conda-linux-gnu/sysroot --enable-plugin --enable-lto
Thread model: posix
Supported LTO compression algorithms: zlib
gcc version 15.2.0 (conda-forge gcc 15.2.0-18) 
COLLECT_GCC_OPTIONS='-fvisibility-inlines-hidden' '-fmessage-length=0' '-march=nocona' '-mtune=haswell' '-ftree-vectorize' '-fPIC' '-fstack-protector-strong' '-fno-plt' '-O2' '-ffunction-sections' '-pipe' '-isystem' '/home/sanialewis/anaconda3/envs/geant4-env/include' '-v' '-o' 'CMakeFiles/cmTC_25d7f.dir/CMakeCXXCompilerABI.cpp.o' '-c' '-shared-libgcc' '-dumpdir' 'CMakeFiles/cmTC_25d7f.dir/'
 /home/sanialewis/anaconda3/envs/geant4-env/bin/../libexec/gcc/x86_64-conda-linux-gnu/15.2.0/cc1plus -quiet -v -iprefix /home/sanialewis/anaconda3/envs/geant4-env/bin/../lib/gcc/x86_64-conda-linux-gnu/15.2.0/ -isysroot /home/sanialewis/anaconda3/envs/geant4-env/bin/../x86_64-conda-linux-gnu/sysroot -D_GNU_SOURCE -isystem /home/sanialewis/anaconda3/envs/geant4-env/include /usr/share/cmake-3.22/Modules/CMakeCXXCompilerABI.cpp -quiet -dumpdir CMakeFiles/cmTC_25d7f.dir/ -dumpbase CMakeCXXCompilerABI.cpp.cpp -dumpbase-ext .cpp -march=nocona -mtune=haswell -O2 -version -fvisibility-inlines-hidden -fmessage-length=0 -ftree-vectorize -fPIC -fstack-protector-strong -fno-plt -ffunction-sections -o - |
 /home/sanialewis/anaconda3/envs/geant4-env/bin/../lib/gcc/x86_64-conda-linux-gnu/15.2.0/../../../../x86_64-conda-linux-gnu/bin/as -v --64 -o CMakeFiles/cmTC_25d7f.dir/CMakeCXXCompilerABI.cpp.o
GNU assembler version 2.45.1 (x86_64-conda-linux-gnu) using BFD version (GNU Binutils) 2.45.1
GNU C++17 (conda-forge gcc 15.2.0-18) version 15.2.0 (x86_64-conda-linux-gnu)
	compiled by GNU C version 15.2.0, GMP version 6.2.1, MPFR version 4.1.0, MPC version 1.2.1, isl version isl-0.24-GMP

GGC heuristics: --param ggc-min-expand=100 --param ggc-min-heapsize=131072
ignoring nonexistent directory "/home/sanialewis/anaconda3/envs/geant4-env/bin/../lib/gcc/x86_64-conda-linux-gnu/15.2.0/../../../../x86_64-conda-linux-gnu/include"
ignoring duplicate directory "/home/sanialewis/anaconda3/envs/geant4-env/bin/../lib/gcc/../../lib/gcc/x86_64-conda-linux-gnu/15.2.0/include/c++"
ignoring duplicate directory "/home/sanialewis/anaconda3/envs/geant4-env/bin/../lib/gcc/../../lib/gcc/x86_64-conda-linux-gnu/15.2.0/include/c++/x86_64-conda-linux-gnu"
ignoring duplicate directory "/home/sanialewis/anaconda3/envs/geant4-env/bin/../lib/gcc/../../lib/gcc/x86_64-conda-linux-gnu/15.2.0/include/c++/backward"
ignoring duplicate directory "/home/sanialewis/anaconda3/envs/geant4-env/bin/../lib/gcc/../../lib/gcc/x86_64-conda-linux-gnu/15.2.0/include"
ignoring nonexistent directory "/home/sanialewis/anaconda3/envs/geant4-env/bin/../x86_64-conda-linux-gnu/sysroot/usr/local/include"
ignoring duplicate directory "/home/sanialewis/anaconda3/envs/geant4-env/bin/../lib/gcc/../../lib/gcc/x86_64-conda-linux-gnu/15.2.0/include-fixed"
ignoring nonexistent directory "/home/sanialewis/anaconda3/envs/geant4-env/bin/../lib/gcc/../../lib/gcc/x86_64-conda-linux-gnu/15.2.0/../../../../x86_64-conda-linux-gnu/include"
#include "..." search starts here:
#include <...> search starts here:
 /home/sanialewis/anaconda3/envs/geant4-env/include
 /home/sanialewis/anaconda3/envs/geant4-env/bin/../lib/gcc/x86_64-conda-linux-gnu/15.2.0/include/c++
 /home/sanialewis/anaconda3/envs/geant4-env/bin/../lib/gcc/x86_64-conda-linux-gnu/15.2.0/include/c++/x86_64-conda-linux-gnu
 /home/sanialewis/anaconda3/envs/geant4-env/bin/../lib/gcc/x86_64-conda-linux-gnu/15.2.0/include/c++/backward
 /home/sanialewis/anaconda3/envs/geant4-env/bin/../lib/gcc/x86_64-conda-linux-gnu/15.2.0/include
 /home/sanialewis/anaconda3/envs/geant4-env/bin/../lib/gcc/x86_64-conda-linux-gnu/15.2.0/include-fixed
 /home/sanialewis/anaconda3/envs/geant4-env/bin/../x86_64-conda-linux-gnu/sysroot/usr/include
End of search list.
Compiler executable checksum: d9b88b6da802df3de5c90e73aa2729a1
COMPILER_PATH=/home/sanialewis/anaconda3/envs/geant4-env/bin/../libexec/gcc/x86_64-conda-linux-gnu/15.2.0/:/home/sanialewis/anaconda3/envs/geant4-env/bin/../libexec/gcc/:/home/sanialewis/anaconda3/envs/geant4-env/bin/../lib/gcc/x86_64-conda-linux-gnu/15.2.0/../../../../x86_64-conda-linux-gnu/bin/
LIBRARY_PATH=/home/sanialewis/anaconda3/envs/geant4-env/bin/../lib/gcc/x86_64-conda-linux-gnu/15.2.0/:/home/sanialewis/anaconda3/envs/geant4-env/bin/../lib/gcc/:/home/sanialewis/anaconda3/envs/geant4-env/bin/../lib/gcc/x86_64-conda-linux-gnu/15.2.0/../../../../x86_64-conda-linux-gnu/lib/../lib/:/home/sanialewis/anaconda3/envs/geant4-env/bin/../lib/gcc/x86_64-conda-linux-gnu/15.2.0/../../../../lib/:/home/sanialewis/anaconda3/envs/geant4-env/bin/../x86_64-conda-linux-gnu/sysroot/lib/../lib/:/home/sanialewis/anaconda3/envs/geant4-env/bin/../x86_64-conda-linux-gnu/sysroot/usr/lib/../lib/:/home/sanialewis/anaconda3/envs/geant4-env/bin/../lib/gcc/x86_64-conda-linux-gnu/15.2.0/../../../../x86_64-conda-linux-gnu/lib/:/home/sanialewis/anaconda3/envs/geant4-env/bin/../lib/gcc/x86_64-conda-linux-gnu/15.2.0/../../../:/home/sanialewis/anaconda3/envs/geant4-env/bin/../x86_64-conda-linux-gnu/sysroot/lib/:/home/sanialewis/anaconda3/envs/geant4-env/bin/../x86_64-conda-linux-gnu/sysroot/usr/lib/
COLLECT_GCC_OPTIONS='-fvisibility-inlines-hidden' '-fmessage-length=0' '-march=nocona' '-mtune=haswell' '-ftree-vectorize' '-fPIC' '-fstack-protector-strong' '-fno-plt' '-O2' '-ffunction-sections' '-pipe' '-isystem' '/home/sanialewis/anaconda3/envs/geant4-env/include' '-v' '-o' 'CMakeFiles/cmTC_25d7f.dir/CMakeCXXCompilerABI.cpp.o' '-c' '-shared-libgcc' '-dumpdir' 'CMakeFiles/cmTC_25d7f.dir/CMakeCXXCompilerABI.cpp.'
Linking CXX executable cmTC_25d7f
/usr/bin/cmake -E cmake_link_script CMakeFiles/cmTC_25d7f.dir/link.txt --verbose=1
/home/sanialewis/anaconda3/envs/geant4-env/bin/x86_64-conda-linux-gnu-g++ -fvisibility-inlines-hidden -fmessage-length=0 -march=nocona -mtune=haswell -ftree-vectorize -fPIC -fstack-protector-strong -fno-plt -O2 -ffunction-sections -pipe -isystem /home/sanialewis/anaconda3/envs/geant4-env/include  -Wl,-O2 -Wl,--sort-common -Wl,--as-needed -Wl,-z,relro -Wl,-z,now -Wl,--disable-new-dtags -Wl,--gc-sections -Wl,--allow-shlib-undefined -Wl,-rpath,/home/sanialewis/anaconda3/envs/geant4-env/lib -Wl,-rpath-link,/home/sanialewis/anaconda3/envs/geant4-env/lib -L/home/sanialewis/anaconda3/envs/geant4-env/lib -v CMakeFiles/cmTC_25d7f.dir/CMakeCXXCompilerABI.cpp.o -o cmTC_25d7f 
Reading specs from /home/sanialewis/anaconda3/envs/geant4-env/bin/../lib/gcc/x86_64-conda-linux-gnu/15.2.0/specs
could not find specs file conda.specs
COLLECT_GCC=/home/sanialewis/anaconda3/envs/geant4-env/bin/x86_64-conda-linux-gnu-g++
COLLECT_LTO_WRAPPER=/home/sanialewis/anaconda3/envs/geant4-env/bin/../libexec/gcc/x86_64-conda-linux-gnu/15.2.0/lto-wrapper
Target: x86_64-conda-linux-gnu
Configured with: ../configure --prefix=/home/conda/feedstock_root/build_artifacts/gcc_compilers_1771374251839/_h_env_placehold_placehold_placehold_placehold_placehold_placehold_placehold_placehold_placehold_placehold_placehold_placehold_placehold_placehold_placehold_placehold_placehold_placeho --with-slibdir=/home/conda/feedstock_root/build_artifacts/gcc_compilers_1771374251839/_h_env_placehold_placehold_placehold_placehold_placehold_placehold_placehold_placehold_placehold_placehold_placehold_placehold_placehold_placehold_placehold_placehold_placehold_placeho/lib --libdir=/home/conda/feedstock_root/build_artifacts/gcc_compilers_1771374251839/_h_env_placehold_placehold_placehold_placehold_placehold_placehold_placehold_placehold_placehold_placehold_placehold_placehold_placehold_placehold_placehold_placehold_placehold_placeho/lib --mandir=/home/conda/feedstock_root/build_artifacts/gcc_compilers_1771374251839/_h_env_placehold_placehold_placehold_placehold_placehold_placehold_placehold_placehold_placehold_placehold_placehold_placehold_placehold_placehold_placehold_placehold_placehold_placeho/share/man --build=x86_64-conda-linux-gnu --host=x86_64-conda-linux-gnu --target=x86_64-conda-linux-gnu --enable-languages=c,c++,fortran,objc,obj-c++ --enable-libgomp --disable-libssp --enable-libquadmath --enable-libquadmath-support --disable-nls --disable-bootstrap --disable-multilib --enable-long-long --without-zstd --with-native-system-header-dir=/usr/include --with-gxx-include-dir=/home/conda/feedstock_root/build_artifacts/gcc_compilers_1771374251839/_h_env_placehold_placehold_placehold_placehold_placehold_placehold_placehold_placehold_placehold_placehold_placehold_placehold_placehold_placehold_placehold_placehold_placehold_placeho/lib/gcc/x86_64-conda-linux-gnu/15.2.0/include/c++ --with-gxx-libcxx-include-dir=/home/conda/feedstock_root/build_artifacts/gcc_compilers_1771374251839/_h_env_placehold_placehold_placehold_placehold_placehold_placehold_placehold_placehold_placehold_placehold_placehold_placehold_placehold_placehold_placehold_placehold_placehold_placeho/lib/gcc/x86_64-conda-linux-gnu/15.2.0/../../../../include/c++/v1 --with-pkgversion='conda-forge gcc 15.2.0-18' --with-bugurl=https://github.com/conda-forge/ctng-compilers-feedstock/issues/new/choose --enable-libsanitizer --enable-default-pie --enable-threads=posix --enable-__cxa_atexit --with-sysroot=/home/conda/feedstock_root/build_artifacts/gcc_compilers_1771374251839/_h_env_placehold_placehold_placehold_placehold_placehold_placehold_placehold_placehold_placehold_placehold_placehold_placehold_placehold_placehold_placehold_placehold_placehold_placeho/x86_64-conda-linux-gnu/sysroot --with-build-sysroot=/home/conda/feedstock_root/build_artifacts/gcc_compilers_1771374251839/_build_env/x86_64-conda-linux-gnu/sysroot --enable-plugin --enable-lto
Thread model: posix
Supported LTO compression algorithms: zlib
gcc version 15.2.0 (conda-forge gcc 15.2.0-18) 
COMPILER_PATH=/home/sanialewis/anaconda3/envs/geant4-env/bin/../libexec/gcc/x86_64-conda-linux-gnu/15.2.0/:/home/sanialewis/anaconda3/envs/geant4-env/bin/../libexec/gcc/:/home/sanialewis/anaconda3/envs/geant4-env/bin/../lib/gcc/x86_64-conda-linux-gnu/15.2.0/../../../../x86_64-conda-linux-gnu/bin/
LIBRARY_PATH=/home/sanialewis/anaconda3/envs/geant4-env/bin/../lib/gcc/x86_64-conda-linux-gnu/15.2.0/:/home/sanialewis/anaconda3/envs/geant4-env/bin/../lib/gcc/:/home/sanialewis/anaconda3/envs/geant4-env/bin/../lib/gcc/x86_64-conda-linux-gnu/15.2.0/../../../../x86_64-conda-linux-gnu/lib/../lib/:/home/sanialewis/anaconda3/envs/geant4-env/bin/../lib/gcc/x86_64-conda-linux-gnu/15.2.0/../../../../lib/:/home/sanialewis/anaconda3/envs/geant4-env/bin/../x86_64-conda-linux-gnu/sysroot/lib/../lib/:/home/sanialewis/anaconda3/envs/geant4-env/bin/../x86_64-conda-linux-gnu/sysroot/usr/lib/../lib/:/home/sanialewis/anaconda3/envs/geant4-env/bin/../lib/gcc/x86_64-conda-linux-gnu/15.2.0/../../../../x86_64-conda-linux-gnu/lib/:/home/sanialewis/anaconda3/envs/geant4-env/bin/../lib/gcc/x86_64-conda-linux-gnu/15.2.0/../../../:/home/sanialewis/anaconda3/envs/geant4-env/bin/../x86_64-conda-linux-gnu/sysroot/lib/:/home/sanialewis/anaconda3/envs/geant4-env/bin/../x86_64-conda-linux-gnu/sysroot/usr/lib/
COLLECT_GCC_OPTIONS='-fvisibility-inlines-hidden' '-fmessage-length=0' '-march=nocona' '-mtune=haswell' '-ftree-vectorize' '-fPIC' '-fstack-protector-strong' '-fno-plt' '-O2' '-ffunction-sections' '-pipe' '-isystem' '/home/sanialewis/anaconda3/envs/geant4-env/include' '-L/home/sanialewis/anaconda3/envs/geant4-env/lib' '-v' '-o' 'cmTC_25d7f' '-shared-libgcc' '-dumpdir' 'cmTC_25d7f.'
 /home/sanialewis/anaconda3/envs/geant4-env/bin/../libexec/gcc/x86_64-conda-linux-gnu/15.2.0/collect2 -plugin /home/sanialewis/anaconda3/envs/geant4-env/bin/../libexec/gcc/x86_64-conda-linux-gnu/15.2.0/liblto_plugin.so -plugin-opt=/home/sanialewis/anaconda3/envs/geant4-env/bin/../libexec/gcc/x86_64-conda-linux-gnu/15.2.0/lto-wrapper -plugin-opt=-fresolution=/tmp/cc9ujmNt.res -plugin-opt=-pass-through=-lgcc_s -plugin-opt=-pass-through=-lgcc -plugin-opt=-pass-through=-lc -plugin-opt=-pass-through=-lgcc_s -plugin-opt=-pass-through=-lgcc --sysroot=/home/sanialewis/anaconda3/envs/geant4-env/bin/../x86_64-conda-linux-gnu/sysroot --eh-frame-hdr -m elf_x86_64 -dynamic-linker /lib64/ld-linux-x86-64.so.2 -pie -o cmTC_25d7f /home/sanialewis/anaconda3/envs/geant4-env/bin/../x86_64-conda-linux-gnu/sysroot/usr/lib/../lib/Scrt1.o /home/sanialewis/anaconda3/envs/geant4-env/bin/../x86_64-conda-linux-gnu/sysroot/usr/lib/../lib/crti.o /home/sanialewis/anaconda3/envs/geant4-env/bin/../lib/gcc/x86_64-conda-linux-gnu/15.2.0/crtbeginS.o -L/home/sanialewis/anaconda3/envs/geant4-env/lib -L/home/sanialewis/anaconda3/envs/geant4-env/bin/../lib/gcc/x86_64-conda-linux-gnu/15.2.0 -L/home/sanialewis/anaconda3/envs/geant4-env/bin/../lib/gcc -L/home/sanialewis/anaconda3/envs/geant4-env/bin/../lib/gcc/x86_64-conda-linux-gnu/15.2.0/../../../../x86_64-conda-linux-gnu/lib/../lib -L/home/sanialewis/anaconda3/envs/geant4-env/bin/../lib/gcc/x86_64-conda-linux-gnu/15.2.0/../../../../lib -L/home/sanialewis/anaconda3/envs/geant4-env/bin/../x86_64-conda-linux-gnu/sysroot/lib/../lib -L/home/sanialewis/anaconda3/envs/geant4-env/bin/../x86_64-conda-linux-gnu/sysroot/usr/lib/../lib -L/home/sanialewis/anaconda3/envs/geant4-env/bin/../lib/gcc/x86_64-conda-linux-gnu/15.2.0/../../../../x86_64-conda-linux-gnu/lib -L/home/sanialewis/anaconda3/envs/geant4-env/bin/../lib/gcc/x86_64-conda-linux-gnu/15.2.0/../../.. -L/home/sanialewis/anaconda3/envs/geant4-env/bin/../x86_64-conda-linux-gnu/sysroot/lib -L/home/sanialewis/anaconda3/envs/geant4-env/bin/../x86_64-conda-linux-gnu/sysroot/usr/lib -O2 --sort-common --as-needed -z relro -z now --disable-new-dtags --gc-sections --allow-shlib-undefined -rpath /home/sanialewis/anaconda3/envs/geant4-env/lib -rpath-link /home/sanialewis/anaconda3/envs/geant4-env/lib CMakeFiles/cmTC_25d7f.dir/CMakeCXXCompilerABI.cpp.o -lstdc++ -lm -lgcc_s -lgcc -lc -lgcc_s -lgcc /home/sanialewis/anaconda3/envs/geant4-env/bin/../lib/gcc/x86_64-conda-linux-gnu/15.2.0/crtendS.o /home/sanialewis/anaconda3/envs/geant4-env/bin/../x86_64-conda-linux-gnu/sysroot/usr/lib/../lib/crtn.o -rpath /home/sanialewis/anaconda3/envs/geant4-env/lib
COLLECT_GCC_OPTIONS='-fvisibility-inlines-hidden' '-fmessage-length=0' '-march=nocona' '-mtune=haswell' '-ftree-vectorize' '-fPIC' '-fstack-protector-strong' '-fno-plt' '-O2' '-ffunction-sections' '-pipe' '-isystem' '/home/sanialewis/anaconda3/envs/geant4-env/include' '-L/home/sanialewis/anaconda3/envs/geant4-env/lib' '-v' '-o' 'cmTC_25d7f' '-shared-libgcc' '-dumpdir' 'cmTC_25d7f.'
gmake[1]: Leaving directory '/home/sanialewis/Documents/Tyvek/geant4-simulation/sim/build/CMakeFiles/CMakeTmp'



Parsed CXX implicit include dir info from above output: rv=done
  found start of include info
  found start of implicit include info
    add: [/home/sanialewis/anaconda3/envs/geant4-env/include]
    add: [/home/sanialewis/anaconda3/envs/geant4-env/bin/../lib/gcc/x86_64-conda-linux-gnu/15.2.0/include/c++]
    add: [/home/sanialewis/anaconda3/envs/geant4-env/bin/../lib/gcc/x86_64-conda-linux-gnu/15.2.0/include/c++/x86_64-conda-linux-gnu]
    add: [/home/sanialewis/anaconda3/envs/geant4-env/bin/../lib/gcc/x86_64-conda-linux-gnu/15.2.0/include/c++/backward]
    add: [/home/sanialewis/anaconda3/envs/geant4-env/bin/../lib/gcc/x86_64-conda-linux-gnu/15.2.0/include]
    add: [/home/sanialewis/anaconda3/envs/geant4-env/bin/../lib/gcc/x86_64-conda-linux-gnu/15.2.0/include-fixed]
    add: [/home/sanialewis/anaconda3/envs/geant4-env/bin/../x86_64-conda-linux-gnu/sysroot/usr/include]
  end of search list found
  collapse include dir [/home/sanialewis/anaconda3/envs/geant4-env/include] ==> [/home/sanialewis/anaconda3/envs/geant4-env/include]
  collapse include dir [/home/sanialewis/anaconda3/envs/geant4-env/bin/../lib/gcc/x86_64-conda-linux-gnu/15.2.0/include/c++] ==> [/home/sanialewis/anaconda3/envs/geant4-env/lib/gcc/x86_64-conda-linux-gnu/15.2.0/include/c++]
  collapse include dir [/home/sanialewis/anaconda3/envs/geant4-env/bin/../lib/gcc/x86_64-conda-linux-gnu/15.2.0/include/c++/x86_64-conda-linux-gnu] ==> [/home/sanialewis/anaconda3/envs/geant4-env/lib/gcc/x86_64-conda-linux-gnu/15.2.0/include/c++/x86_64-conda-linux-gnu]
  collapse include dir [/home/sanialewis/anaconda3/envs/geant4-env/bin/../lib/gcc/x86_64-conda-linux-gnu/15.2.0/include/c++/backward] ==> [/home/sanialewis/anaconda3/envs/geant4-env/lib/gcc/x86_64-conda-linux-gnu/15.2.0/include/c++/backward]
  collapse include dir [/home/sanialewis/anaconda3/envs/geant4-env/bin/../lib/gcc/x86_64-conda-linux-gnu/15.2.0/include] ==> [/home/sanialewis/anaconda3/envs/geant4-env/lib/gcc/x86_64-conda-linux-gnu/15.2.0/include]
  collapse include dir [/home/sanialewis/anaconda3/envs/geant4-env/bin/../lib/gcc/x86_64-conda-linux-gnu/15.2.0/include-fixed] ==> [/home/sanialewis/anaconda3/envs/geant4-env/lib/gcc/x86_64-conda-linux-gnu/15.2.0/include-fixed]
  collapse include dir [/home/sanialewis/anaconda3/envs/geant4-env/bin/../x86_64-conda-linux-gnu/sysroot/usr/include] ==> [/home/sanialewis/anaconda3/envs/geant4-env/x86_64-conda-linux-gnu/sysroot/usr/include]
  implicit include dirs: [/home/sanialewis/anaconda3/envs/geant4-env/include;/home/sanialewis/anaconda3/envs/geant4-env/lib/gcc/x86_64-conda-linux-gnu/15.2.0/include/c++;/home/sanialewis/anaconda3/envs/geant4-env/lib/gcc/x86_64-conda-linux-gnu/15.2.0/include/c++/x86_64-conda-linux-gnu;/home/sanialewis/anaconda3/envs/geant4-env/lib/gcc/x86_64-conda-linux-gnu/15.2.0/include/c++/backward;/home/sanialewis/anaconda3/envs/geant4-env/lib/gcc/x86_64-conda-linux-gnu/15.2.0/include;/home/sanialewis/anaconda3/envs/geant4-env/lib/gcc/x86_64-conda-linux-gnu/15.2.0/include-fixed;/home/sanialewis/anaconda3/envs/geant4-env/x86_64-conda-linux-gnu/sysroot/usr/include]


Parsed CXX implicit link information from above output:
  link line regex: [^( *|.*[/\])(x86_64-conda-linux-gnu-ld|CMAKE_LINK_STARTFILE-NOTFOUND|([^/\]+-)?ld|collect2)[^/\]*( |$)]
  ignore line: [Change Dir: /home/sanialewis/Documents/Tyvek/geant4-simulation/sim/build/CMakeFiles/CMakeTmp]
  ignore line: []
  ignore line: [Run Build Command(s):/usr/bin/gmake -f Makefile cmTC_25d7f/fast && /usr/bin/gmake  -f CMakeFiles/cmTC_25d7f.dir/build.make CMakeFiles/cmTC_25d7f.dir/build]
  ignore line: [gmake[1]: Entering directory '/home/sanialewis/Documents/Tyvek/geant4-simulation/sim/build/CMakeFiles/CMakeTmp']
  ignore line: [Building CXX object CMakeFiles/cmTC_25d7f.dir/CMakeCXXCompilerABI.cpp.o]
  ignore line: [/home/sanialewis/anaconda3/envs/geant4-env/bin/x86_64-conda-linux-gnu-g++   -fvisibility-inlines-hidden -fmessage-length=0 -march=nocona -mtune=haswell -ftree-vectorize -fPIC -fstack-protector-strong -fno-plt -O2 -ffunction-sections -pipe -isystem /home/sanialewis/anaconda3/envs/geant4-env/include    -v -o CMakeFiles/cmTC_25d7f.dir/CMakeCXXCompilerABI.cpp.o -c /usr/share/cmake-3.22/Modules/CMakeCXXCompilerABI.cpp]
  ignore line: [Reading specs from /home/sanialewis/anaconda3/envs/geant4-env/bin/../lib/gcc/x86_64-conda-linux-gnu/15.2.0/specs]
  ignore line: [could not find specs file conda.specs]
  ignore line: [COLLECT_GCC=/home/sanialewis/anaconda3/envs/geant4-env/bin/x86_64-conda-linux-gnu-g++]
  ignore line: [Target: x86_64-conda-linux-gnu]
  ignore line: [Configured with: ../configure --prefix=/home/conda/feedstock_root/build_artifacts/gcc_compilers_1771374251839/_h_env_placehold_placehold_placehold_placehold_placehold_placehold_placehold_placehold_placehold_placehold_placehold_placehold_placehold_placehold_placehold_placehold_placehold_placeho --with-slibdir=/home/conda/feedstock_root/build_artifacts/gcc_compilers_1771374251839/_h_env_placehold_placehold_placehold_placehold_placehold_placehold_placehold_placehold_placehold_placehold_placehold_placehold_placehold_placehold_placehold_placehold_placehold_placeho/lib --libdir=/home/conda/feedstock_root/build_artifacts/gcc_compilers_1771374251839/_h_env_placehold_placehold_placehold_placehold_placehold_placehold_placehold_placehold_placehold_placehold_placehold_placehold_placehold_placehold_placehold_placehold_placehold_placeho/lib --mandir=/home/conda/feedstock_root/build_artifacts/gcc_compilers_1771374251839/_h_env_placehold_placehold_placehold_placehold_placehold_placehold_placehold_placehold_placehold_placehold_placehold_placehold_placehold_placehold_placehold_placehold_placehold_placeho/share/man --build=x86_64-conda-linux-gnu --host=x86_64-conda-linux-gnu --target=x86_64-conda-linux-gnu --enable-languages=c c++ fortran objc obj-c++ --enable-libgomp --disable-libssp --enable-libquadmath --enable-libquadmath-support --disable-nls --disable-bootstrap --disable-multilib --enable-long-long --without-zstd --with-native-system-header-dir=/usr/include --with-gxx-include-dir=/home/conda/feedstock_root/build_artifacts/gcc_compilers_1771374251839/_h_env_placehold_placehold_placehold_placehold_placehold_placehold_placehold_placehold_placehold_placehold_placehold_placehold_placehold_placehold_placehold_placehold_placehold_placeho/lib/gcc/x86_64-conda-linux-gnu/15.2.0/include/c++ --with-gxx-libcxx-include-dir=/home/conda/feedstock_root/build_artifacts/gcc_compilers_1771374251839/_h_env_placehold_placehold_placehold_placehold_placehold_placehold_placehold_placehold_placehold_placehold_placehold_placehold_placehold_placehold_placehold_placehold_placehold_placeho/lib/gcc/x86_64-conda-linux-gnu/15.2.0/../../../../include/c++/v1 --with-pkgversion='conda-forge gcc 15.2.0-18' --with-bugurl=https://github.com/conda-forge/ctng-compilers-feedstock/issues/new/choose --enable-libsanitizer --enable-default-pie --enable-threads=posix --enable-__cxa_atexit --with-sysroot=/home/conda/feedstock_root/build_artifacts/gcc_compilers_1771374251839/_h_env_placehold_placehold_placehold_placehold_placehold_placehold_placehold_placehold_placehold_placehold_placehold_placehold_placehold_placehold_placehold_placehold_placehold_placeho/x86_64-conda-linux-gnu/sysroot --with-build-sysroot=/home/conda/feedstock_root/build_artifacts/gcc_compilers_1771374251839/_build_env/x86_64-conda-linux-gnu/sysroot --enable-plugin --enable-lto]
  ignore line: [Thread model: posix]
  ignore line: [Supported LTO compression algorithms: zlib]
  ignore line: [gcc version 15.2.0 (conda-forge gcc 15.2.0-18) ]
  ignore line: [COLLECT_GCC_OPTIONS='-fvisibility-inlines-hidden' '-fmessage-length=0' '-march=nocona' '-mtune=haswell' '-ftree-vectorize' '-fPIC' '-fstack-protector-strong' '-fno-plt' '-O2' '-ffunction-sections' '-pipe' '-isystem' '/home/sanialewis/anaconda3/envs/geant4-env/include' '-v' '-o' 'CMakeFiles/cmTC_25d7f.dir/CMakeCXXCompilerABI.cpp.o' '-c' '-shared-libgcc' '-dumpdir' 'CMakeFiles/cmTC_25d7f.dir/']
  ignore line: [ /home/sanialewis/anaconda3/envs/geant4-env/bin/../libexec/gcc/x86_64-conda-linux-gnu/15.2.0/cc1plus -quiet -v -iprefix /home/sanialewis/anaconda3/envs/geant4-env/bin/../lib/gcc/x86_64-conda-linux-gnu/15.2.0/ -isysroot /home/sanialewis/anaconda3/envs/geant4-env/bin/../x86_64-conda-linux-gnu/sysroot -D_GNU_SOURCE -isystem /home/sanialewis/anaconda3/envs/geant4-env/include /usr/share/cmake-3.22/Modules/CMakeCXXCompilerABI.cpp -quiet -dumpdir CMakeFiles/cmTC_25d7f.dir/ -dumpbase CMakeCXXCompilerABI.cpp.cpp -dumpbase-ext .cpp -march=nocona -mtune=haswell -O2 -version -fvisibility-inlines-hidden -fmessage-length=0 -ftree-vectorize -fPIC -fstack-protector-strong -fno-plt -ffunction-sections -o - |]
  ignore line: [ /home/sanialewis/anaconda3/envs/geant4-env/bin/../lib/gcc/x86_64-conda-linux-gnu/15.2.0/../../../../x86_64-conda-linux-gnu/bin/as -v --64 -o CMakeFiles/cmTC_25d7f.dir/CMakeCXXCompilerABI.cpp.o]
  ignore line: [GNU assembler version 2.45.1 (x86_64-conda-linux-gnu) using BFD version (GNU Binutils) 2.45.1]
  ignore line: [GNU C++17 (conda-forge gcc 15.2.0-18) version 15.2.0 (x86_64-conda-linux-gnu)]
  ignore line: [	compiled by GNU C version 15.2.0  GMP version 6.2.1  MPFR version 4.1.0  MPC version 1.2.1  isl version isl-0.24-GMP]
  ignore line: []
  ignore line: [GGC heuristics: --param ggc-min-expand=100 --param ggc-min-heapsize=131072]
  ignore line: [ignoring nonexistent directory "/home/sanialewis/anaconda3/envs/geant4-env/bin/../lib/gcc/x86_64-conda-linux-gnu/15.2.0/../../../../x86_64-conda-linux-gnu/include"]
  ignore line: [ignoring duplicate directory "/home/sanialewis/anaconda3/envs/geant4-env/bin/../lib/gcc/../../lib/gcc/x86_64-conda-linux-gnu/15.2.0/include/c++"]
  ignore line: [ignoring duplicate directory "/home/sanialewis/anaconda3/envs/geant4-env/bin/../lib/gcc/../../lib/gcc/x86_64-conda-linux-gnu/15.2.0/include/c++/x86_64-conda-linux-gnu"]
  ignore line: [ignoring duplicate directory "/home/sanialewis/anaconda3/envs/geant4-env/bin/../lib/gcc/../../lib/gcc/x86_64-conda-linux-gnu/15.2.0/include/c++/backward"]
  ignore line: [ignoring duplicate directory "/home/sanialewis/anaconda3/envs/geant4-env/bin/../lib/gcc/../../lib/gcc/x86_64-conda-linux-gnu/15.2.0/include"]
  ignore line: [ignoring nonexistent directory "/home/sanialewis/anaconda3/envs/geant4-env/bin/../x86_64-conda-linux-gnu/sysroot/usr/local/include"]
  ignore line: [ignoring duplicate directory "/home/sanialewis/anaconda3/envs/geant4-env/bin/../lib/gcc/../../lib/gcc/x86_64-conda-linux-gnu/15.2.0/include-fixed"]
  ignore line: [ignoring nonexistent directory "/home/sanialewis/anaconda3/envs/geant4-env/bin/../lib/gcc/../../lib/gcc/x86_64-conda-linux-gnu/15.2.0/../../../../x86_64-conda-linux-gnu/include"]
  ignore line: [#include "..." search starts here:]
  ignore line: [#include <...> search starts here:]
  ignore line: [ /home/sanialewis/anaconda3/envs/geant4-env/include]
  ignore line: [ /home/sanialewis/anaconda3/envs/geant4-env/bin/../lib/gcc/x86_64-conda-linux-gnu/15.2.0/include/c++]
  ignore line: [ /home/sanialewis/anaconda3/envs/geant4-env/bin/../lib/gcc/x86_64-conda-linux-gnu/15.2.0/include/c++/x86_64-conda-linux-gnu]
  ignore line: [ /home/sanialewis/anaconda3/envs/geant4-env/bin/../lib/gcc/x86_64-conda-linux-gnu/15.2.0/include/c++/backward]
  ignore line: [ /home/sanialewis/anaconda3/envs/geant4-env/bin/../lib/gcc/x86_64-conda-linux-gnu/15.2.0/include]
  ignore line: [ /home/sanialewis/anaconda3/envs/geant4-env/bin/../lib/gcc/x86_64-conda-linux-gnu/15.2.0/include-fixed]
  ignore line: [ /home/sanialewis/anaconda3/envs/geant4-env/bin/../x86_64-conda-linux-gnu/sysroot/usr/include]
  ignore line: [End of search list.]
  ignore line: [Compiler executable checksum: d9b88b6da802df3de5c90e73aa2729a1]
  ignore line: [COMPILER_PATH=/home/sanialewis/anaconda3/envs/geant4-env/bin/../libexec/gcc/x86_64-conda-linux-gnu/15.2.0/:/home/sanialewis/anaconda3/envs/geant4-env/bin/../libexec/gcc/:/home/sanialewis/anaconda3/envs/geant4-env/bin/../lib/gcc/x86_64-conda-linux-gnu/15.2.0/../../../../x86_64-conda-linux-gnu/bin/]
  ignore line: [LIBRARY_PATH=/home/sanialewis/anaconda3/envs/geant4-env/bin/../lib/gcc/x86_64-conda-linux-gnu/15.2.0/:/home/sanialewis/anaconda3/envs/geant4-env/bin/../lib/gcc/:/home/sanialewis/anaconda3/envs/geant4-env/bin/../lib/gcc/x86_64-conda-linux-gnu/15.2.0/../../../../x86_64-conda-linux-gnu/lib/../lib/:/home/sanialewis/anaconda3/envs/geant4-env/bin/../lib/gcc/x86_64-conda-linux-gnu/15.2.0/../../../../lib/:/home/sanialewis/anaconda3/envs/geant4-env/bin/../x86_64-conda-linux-gnu/sysroot/lib/../lib/:/home/sanialewis/anaconda3/envs/geant4-env/bin/../x86_64-conda-linux-gnu/sysroot/usr/lib/../lib/:/home/sanialewis/anaconda3/envs/geant4-env/bin/../lib/gcc/x86_64-conda-linux-gnu/15.2.0/../../../../x86_64-conda-linux-gnu/lib/:/home/sanialewis/anaconda3/envs/geant4-env/bin/../lib/gcc/x86_64-conda-linux-gnu/15.2.0/../../../:/home/sanialewis/anaconda3/envs/geant4-env/bin/../x86_64-conda-linux-gnu/sysroot/lib/:/home/sanialewis/anaconda3/envs/geant4-env/bin/../x86_64-conda-linux-gnu/sysroot/usr/lib/]
  ignore line: [COLLECT_GCC_OPTIONS='-fvisibility-inlines-hidden' '-fmessage-length=0' '-march=nocona' '-mtune=haswell' '-ftree-vectorize' '-fPIC' '-fstack-protector-strong' '-fno-plt' '-O2' '-ffunction-sections' '-pipe' '-isystem' '/home/sanialewis/anaconda3/envs/geant4-env/include' '-v' '-o' 'CMakeFiles/cmTC_25d7f.dir/CMakeCXXCompilerABI.cpp.o' '-c' '-shared-libgcc' '-dumpdir' 'CMakeFiles/cmTC_25d7f.dir/CMakeCXXCompilerABI.cpp.']
  ignore line: [Linking CXX executable cmTC_25d7f]
  ignore line: [/usr/bin/cmake -E cmake_link_script CMakeFiles/cmTC_25d7f.dir/link.txt --verbose=1]
  ignore line: [/home/sanialewis/anaconda3/envs/geant4-env/bin/x86_64-conda-linux-gnu-g++ -fvisibility-inlines-hidden -fmessage-length=0 -march=nocona -mtune=haswell -ftree-vectorize -fPIC -fstack-protector-strong -fno-plt -O2 -ffunction-sections -pipe -isystem /home/sanialewis/anaconda3/envs/geant4-env/include  -Wl -O2 -Wl --sort-common -Wl --as-needed -Wl -z relro -Wl -z now -Wl --disable-new-dtags -Wl --gc-sections -Wl --allow-shlib-undefined -Wl -rpath /home/sanialewis/anaconda3/envs/geant4-env/lib -Wl -rpath-link /home/sanialewis/anaconda3/envs/geant4-env/lib -L/home/sanialewis/anaconda3/envs/geant4-env/lib -v CMakeFiles/cmTC_25d7f.dir/CMakeCXXCompilerABI.cpp.o -o cmTC_25d7f ]
  ignore line: [Reading specs from /home/sanialewis/anaconda3/envs/geant4-env/bin/../lib/gcc/x86_64-conda-linux-gnu/15.2.0/specs]
  ignore line: [could not find specs file conda.specs]
  ignore line: [COLLECT_GCC=/home/sanialewis/anaconda3/envs/geant4-env/bin/x86_64-conda-linux-gnu-g++]
  ignore line: [COLLECT_LTO_WRAPPER=/home/sanialewis/anaconda3/envs/geant4-env/bin/../libexec/gcc/x86_64-conda-linux-gnu/15.2.0/lto-wrapper]
  ignore line: [Target: x86_64-conda-linux-gnu]
  ignore line: [Configured with: ../configure --prefix=/home/conda/feedstock_root/build_artifacts/gcc_compilers_1771374251839/_h_env_placehold_placehold_placehold_placehold_placehold_placehold_placehold_placehold_placehold_placehold_placehold_placehold_placehold_placehold_placehold_placehold_placehold_placeho --with-slibdir=/home/conda/feedstock_root/build_artifacts/gcc_compilers_1771374251839/_h_env_placehold_placehold_placehold_placehold_placehold_placehold_placehold_placehold_placehold_placehold_placehold_placehold_placehold_placehold_placehold_placehold_placehold_placeho/lib --libdir=/home/conda/feedstock_root/build_artifacts/gcc_compilers_1771374251839/_h_env_placehold_placehold_placehold_placehold_placehold_placehold_placehold_placehold_placehold_placehold_placehold_placehold_placehold_placehold_placehold_placehold_placehold_placeho/lib --mandir=/home/conda/feedstock_root/build_artifacts/gcc_compilers_1771374251839/_h_env_placehold_placehold_placehold_placehold_placehold_placehold_placehold_placehold_placehold_placehold_placehold_placehold_placehold_placehold_placehold_placehold_placehold_placeho/share/man --build=x86_64-conda-linux-gnu --host=x86_64-conda-linux-gnu --target=x86_64-conda-linux-gnu --enable-languages=c c++ fortran objc obj-c++ --enable-libgomp --disable-libssp --enable-libquadmath --enable-libquadmath-support --disable-nls --disable-bootstrap --disable-multilib --enable-long-long --without-zstd --with-native-system-header-dir=/usr/include --with-gxx-include-dir=/home/conda/feedstock_root/build_artifacts/gcc_compilers_1771374251839/_h_env_placehold_placehold_placehold_placehold_placehold_placehold_placehold_placehold_placehold_placehold_placehold_placehold_placehold_placehold_placehold_placehold_placehold_placeho/lib/gcc/x86_64-conda-linux-gnu/15.2.0/include/c++ --with-gxx-libcxx-include-dir=/home/conda/feedstock_root/build_artifacts/gcc_compilers_1771374251839/_h_env_placehold_placehold_placehold_placehold_placehold_placehold_placehold_placehold_placehold_placehold_placehold_placehold_placehold_placehold_placehold_placehold_placehold_placeho/lib/gcc/x86_64-conda-linux-gnu/15.2.0/../../../../include/c++/v1 --with-pkgversion='conda-forge gcc 15.2.0-18' --with-bugurl=https://github.com/conda-forge/ctng-compilers-feedstock/issues/new/choose --enable-libsanitizer --enable-default-pie --enable-threads=posix --enable-__cxa_atexit --with-sysroot=/home/conda/feedstock_root/build_artifacts/gcc_compilers_1771374251839/_h_env_placehold_placehold_placehold_placehold_placehold_placehold_placehold_placehold_placehold_placehold_placehold_placehold_placehold_placehold_placehold_placehold_placehold_placeho/x86_64-conda-linux-gnu/sysroot --with-build-sysroot=/home/conda/feedstock_root/build_artifacts/gcc_compilers_1771374251839/_build_env/x86_64-conda-linux-gnu/sysroot --enable-plugin --enable-lto]
  ignore line: [Thread model: posix]
  ignore line: [Supported LTO compression algorithms: zlib]
  ignore line: [gcc version 15.2.0 (conda-forge gcc 15.2.0-18) ]
  ignore line: [COMPILER_PATH=/home/sanialewis/anaconda3/envs/geant4-env/bin/../libexec/gcc/x86_64-conda-linux-gnu/15.2.0/:/home/sanialewis/anaconda3/envs/geant4-env/bin/../libexec/gcc/:/home/sanialewis/anaconda3/envs/geant4-env/bin/../lib/gcc/x86_64-conda-linux-gnu/15.2.0/../../../../x86_64-conda-linux-gnu/bin/]
  ignore line: [LIBRARY_PATH=/home/sanialewis/anaconda3/envs/geant4-env/bin/../lib/gcc/x86_64-conda-linux-gnu/15.2.0/:/home/sanialewis/anaconda3/envs/geant4-env/bin/../lib/gcc/:/home/sanialewis/anaconda3/envs/geant4-env/bin/../lib/gcc/x86_64-conda-linux-gnu/15.2.0/../../../../x86_64-conda-linux-gnu/lib/../lib/:/home/sanialewis/anaconda3/envs/geant4-env/bin/../lib/gcc/x86_64-conda-linux-gnu/15.2.0/../../../../lib/:/home/sanialewis/anaconda3/envs/geant4-env/bin/../x86_64-conda-linux-gnu/sysroot/lib/../lib/:/home/sanialewis/anaconda3/envs/geant4-env/bin/../x86_64-conda-linux-gnu/sysroot/usr/lib/../lib/:/home/sanialewis/anaconda3/envs/geant4-env/bin/../lib/gcc/x86_64-conda-linux-gnu/15.2.0/../../../../x86_64-conda-linux-gnu/lib/:/home/sanialewis/anaconda3/envs/geant4-env/bin/../lib/gcc/x86_64-conda-linux-gnu/15.2.0/../../../:/home/sanialewis/anaconda3/envs/geant4-env/bin/../x86_64-conda-linux-gnu/sysroot/lib/:/home/sanialewis/anaconda3/envs/geant4-env/bin/../x86_64-conda-linux-gnu/sysroot/usr/lib/]
  ignore line: [COLLECT_GCC_OPTIONS='-fvisibility-inlines-hidden' '-fmessage-length=0' '-march=nocona' '-mtune=haswell' '-ftree-vectorize' '-fPIC' '-fstack-protector-strong' '-fno-plt' '-O2' '-ffunction-sections' '-pipe' '-isystem' '/home/sanialewis/anaconda3/envs/geant4-env/include' '-L/home/sanialewis/anaconda3/envs/geant4-env/lib' '-v' '-o' 'cmTC_25d7f' '-shared-libgcc' '-dumpdir' 'cmTC_25d7f.']
  link line: [ /home/sanialewis/anaconda3/envs/geant4-env/bin/../libexec/gcc/x86_64-conda-linux-gnu/15.2.0/collect2 -plugin /home/sanialewis/anaconda3/envs/geant4-env/bin/../libexec/gcc/x86_64-conda-linux-gnu/15.2.0/liblto_plugin.so -plugin-opt=/home/sanialewis/anaconda3/envs/geant4-env/bin/../libexec/gcc/x86_64-conda-linux-gnu/15.2.0/lto-wrapper -plugin-opt=-fresolution=/tmp/cc9ujmNt.res -plugin-opt=-pass-through=-lgcc_s -plugin-opt=-pass-through=-lgcc -plugin-opt=-pass-through=-lc -plugin-opt=-pass-through=-lgcc_s -plugin-opt=-pass-through=-lgcc --sysroot=/home/sanialewis/anaconda3/envs/geant4-env/bin/../x86_64-conda-linux-gnu/sysroot --eh-frame-hdr -m elf_x86_64 -dynamic-linker /lib64/ld-linux-x86-64.so.2 -pie -o cmTC_25d7f /home/sanialewis/anaconda3/envs/geant4-env/bin/../x86_64-conda-linux-gnu/sysroot/usr/lib/../lib/Scrt1.o /home/sanialewis/anaconda3/envs/geant4-env/bin/../x86_64-conda-linux-gnu/sysroot/usr/lib/../lib/crti.o /home/sanialewis/anaconda3/envs/geant4-env/bin/../lib/gcc/x86_64-conda-linux-gnu/15.2.0/crtbeginS.o -L/home/sanialewis/anaconda3/envs/geant4-env/lib -L/home/sanialewis/anaconda3/envs/geant4-env/bin/../lib/gcc/x86_64-conda-linux-gnu/15.2.0 -L/home/sanialewis/anaconda3/envs/geant4-env/bin/../lib/gcc -L/home/sanialewis/anaconda3/envs/geant4-env/bin/../lib/gcc/x86_64-conda-linux-gnu/15.2.0/../../../../x86_64-conda-linux-gnu/lib/../lib -L/home/sanialewis/anaconda3/envs/geant4-env/bin/../lib/gcc/x86_64-conda-linux-gnu/15.2.0/../../../../lib -L/home/sanialewis/anaconda3/envs/geant4-env/bin/../x86_64-conda-linux-gnu/sysroot/lib/../lib -L/home/sanialewis/anaconda3/envs/geant4-env/bin/../x86_64-conda-linux-gnu/sysroot/usr/lib/../lib -L/home/sanialewis/anaconda3/envs/geant4-env/bin/../lib/gcc/x86_64-conda-linux-gnu/15.2.0/../../../../x86_64-conda-linux-gnu/lib -L/home/sanialewis/anaconda3/envs/geant4-env/bin/../lib/gcc/x86_64-conda-linux-gnu/15.2.0/../../.. -L/home/sanialewis/anaconda3/envs/geant4-env/bin/../x86_64-conda-linux-gnu/sysroot/lib -L/home/sanialewis/anaconda3/envs/geant4-env/bin/../x86_64-conda-linux-gnu/sysroot/usr/lib -O2 --sort-common --as-needed -z relro -z now --disable-new-dtags --gc-sections --allow-shlib-undefined -rpath /home/sanialewis/anaconda3/envs/geant4-env/lib -rpath-link /home/sanialewis/anaconda3/envs/geant4-env/lib CMakeFiles/cmTC_25d7f.dir/CMakeCXXCompilerABI.cpp.o -lstdc++ -lm -lgcc_s -lgcc -lc -lgcc_s -lgcc /home/sanialewis/anaconda3/envs/geant4-env/bin/../lib/gcc/x86_64-conda-linux-gnu/15.2.0/crtendS.o /home/sanialewis/anaconda3/envs/geant4-env/bin/../x86_64-conda-linux-gnu/sysroot/usr/lib/../lib/crtn.o -rpath /home/sanialewis/anaconda3/envs/geant4-env/lib]
    arg [/home/sanialewis/anaconda3/envs/geant4-env/bin/../libexec/gcc/x86_64-conda-linux-gnu/15.2.0/collect2] ==> ignore
    arg [-plugin] ==> ignore
    arg [/home/sanialewis/anaconda3/envs/geant4-env/bin/../libexec/gcc/x86_64-conda-linux-gnu/15.2.0/liblto_plugin.so] ==> ignore
    arg [-plugin-opt=/home/sanialewis/anaconda3/envs/geant4-env/bin/../libexec/gcc/x86_64-conda-linux-gnu/15.2.0/lto-wrapper] ==> ignore
    arg [-plugin-opt=-fresolution=/tmp/cc9ujmNt.res] ==> ignore
    arg [-plugin-opt=-pass-through=-lgcc_s] ==> ignore
    arg [-plugin-opt=-pass-through=-lgcc] ==> ignore
    arg [-plugin-opt=-pass-through=-lc] ==> ignore
    arg [-plugin-opt=-pass-through=-lgcc_s] ==> ignore
    arg [-plugin-opt=-pass-through=-lgcc] ==> ignore
    arg [--sysroot=/home/sanialewis/anaconda3/envs/geant4-env/bin/../x86_64-conda-linux-gnu/sysroot] ==> ignore
    arg [--eh-frame-hdr] ==> ignore
    arg [-m] ==> ignore
    arg [elf_x86_64] ==> ignore
    arg [-dynamic-linker] ==> ignore
    arg [/lib64/ld-linux-x86-64.so.2] ==> ignore
    arg [-pie] ==> ignore
    arg [-o] ==> ignore
    arg [cmTC_25d7f] ==> ignore
    arg [/home/sanialewis/anaconda3/envs/geant4-env/bin/../x86_64-conda-linux-gnu/sysroot/usr/lib/../lib/Scrt1.o] ==> obj [/home/sanialewis/anaconda3/envs/geant4-env/bin/../x86_64-conda-linux-gnu/sysroot/usr/lib/../lib/Scrt1.o]
    arg [/home/sanialewis/anaconda3/envs/geant4-env/bin/../x86_64-conda-linux-gnu/sysroot/usr/lib/../lib/crti.o] ==> obj [/home/sanialewis/anaconda3/envs/geant4-env/bin/../x86_64-conda-linux-gnu/sysroot/usr/lib/../lib/crti.o]
    arg [/home/sanialewis/anaconda3/envs/geant4-env/bin/../lib/gcc/x86_64-conda-linux-gnu/15.2.0/crtbeginS.o] ==> obj [/home/sanialewis/anaconda3/envs/geant4-env/bin/../lib/gcc/x86_64-conda-linux-gnu/15.2.0/crtbeginS.o]
    arg [-L/home/sanialewis/anaconda3/envs/geant4-env/lib] ==> dir [/home/sanialewis/anaconda3/envs/geant4-env/lib]
    arg [-L/home/sanialewis/anaconda3/envs/geant4-env/bin/../lib/gcc/x86_64-conda-linux-gnu/15.2.0] ==> dir [/home/sanialewis/anaconda3/envs/geant4-env/bin/../lib/gcc/x86_64-conda-linux-gnu/15.2.0]
    arg [-L/home/sanialewis/anaconda3/envs/geant4-env/bin/../lib/gcc] ==> dir [/home/sanialewis/anaconda3/envs/geant4-env/bin/../lib/gcc]
    arg [-L/home/sanialewis/anaconda3/envs/geant4-env/bin/../lib/gcc/x86_64-conda-linux-gnu/15.2.0/../../../../x86_64-conda-linux-gnu/lib/../lib] ==> dir [/home/sanialewis/anaconda3/envs/geant4-env/bin/../lib/gcc/x86_64-conda-linux-gnu/15.2.0/../../../../x86_64-conda-linux-gnu/lib/../lib]
    arg [-L/home/sanialewis/anaconda3/envs/geant4-env/bin/../lib/gcc/x86_64-conda-linux-gnu/15.2.0/../../../../lib] ==> dir [/home/sanialewis/anaconda3/envs/geant4-env/bin/../lib/gcc/x86_64-conda-linux-gnu/15.2.0/../../../../lib]
    arg [-L/home/sanialewis/anaconda3/envs/geant4-env/bin/../x86_64-conda-linux-gnu/sysroot/lib/../lib] ==> dir [/home/sanialewis/anaconda3/envs/geant4-env/bin/../x86_64-conda-linux-gnu/sysroot/lib/../lib]
    arg [-L/home/sanialewis/anaconda3/envs/geant4-env/bin/../x86_64-conda-linux-gnu/sysroot/usr/lib/../lib] ==> dir [/home/sanialewis/anaconda3/envs/geant4-env/bin/../x86_64-conda-linux-gnu/sysroot/usr/lib/../lib]
    arg [-L/home/sanialewis/anaconda3/envs/geant4-env/bin/../lib/gcc/x86_64-conda-linux-gnu/15.2.0/../../../../x86_64-conda-linux-gnu/lib] ==> dir [/home/sanialewis/anaconda3/envs/geant4-env/bin/../lib/gcc/x86_64-conda-linux-gnu/15.2.0/../../../../x86_64-conda-linux-gnu/lib]
    arg [-L/home/sanialewis/anaconda3/envs/geant4-env/bin/../lib/gcc/x86_64-conda-linux-gnu/15.2.0/../../..] ==> dir [/home/sanialewis/anaconda3/envs/geant4-env/bin/../lib/gcc/x86_64-conda-linux-gnu/15.2.0/../../..]
    arg [-L/home/sanialewis/anaconda3/envs/geant4-env/bin/../x86_64-conda-linux-gnu/sysroot/lib] ==> dir [/home/sanialewis/anaconda3/envs/geant4-env/bin/../x86_64-conda-linux-gnu/sysroot/lib]
    arg [-L/home/sanialewis/anaconda3/envs/geant4-env/bin/../x86_64-conda-linux-gnu/sysroot/usr/lib] ==> dir [/home/sanialewis/anaconda3/envs/geant4-env/bin/../x86_64-conda-linux-gnu/sysroot/usr/lib]
    arg [-O2] ==> ignore
    arg [--sort-common] ==> ignore
    arg [--as-needed] ==> ignore
    arg [-zrelro] ==> ignore
    arg [-znow] ==> ignore
    arg [--disable-new-dtags] ==> ignore
    arg [--gc-sections] ==> ignore
    arg [--allow-shlib-undefined] ==> ignore
    arg [-rpath] ==> ignore
    arg [/home/sanialewis/anaconda3/envs/geant4-env/lib] ==> ignore
    arg [-rpath-link] ==> ignore
    arg [/home/sanialewis/anaconda3/envs/geant4-env/lib] ==> ignore
    arg [CMakeFiles/cmTC_25d7f.dir/CMakeCXXCompilerABI.cpp.o] ==> ignore
    arg [-lstdc++] ==> lib [stdc++]
    arg [-lm] ==> lib [m]
    arg [-lgcc_s] ==> lib [gcc_s]
    arg [-lgcc] ==> lib [gcc]
    arg [-lc] ==> lib [c]
    arg [-lgcc_s] ==> lib [gcc_s]
    arg [-lgcc] ==> lib [gcc]
    arg [/home/sanialewis/anaconda3/envs/geant4-env/bin/../lib/gcc/x86_64-conda-linux-gnu/15.2.0/crtendS.o] ==> obj [/home/sanialewis/anaconda3/envs/geant4-env/bin/../lib/gcc/x86_64-conda-linux-gnu/15.2.0/crtendS.o]
    arg [/home/sanialewis/anaconda3/envs/geant4-env/bin/../x86_64-conda-linux-gnu/sysroot/usr/lib/../lib/crtn.o] ==> obj [/home/sanialewis/anaconda3/envs/geant4-env/bin/../x86_64-conda-linux-gnu/sysroot/usr/lib/../lib/crtn.o]
    arg [-rpath] ==> ignore
    arg [/home/sanialewis/anaconda3/envs/geant4-env/lib] ==> ignore
  collapse obj [/home/sanialewis/anaconda3/envs/geant4-env/bin/../x86_64-conda-linux-gnu/sysroot/usr/lib/../lib/Scrt1.o] ==> [/home/sanialewis/anaconda3/envs/geant4-env/x86_64-conda-linux-gnu/sysroot/usr/lib/Scrt1.o]
  collapse obj [/home/sanialewis/anaconda3/envs/geant4-env/bin/../x86_64-conda-linux-gnu/sysroot/usr/lib/../lib/crti.o] ==> [/home/sanialewis/anaconda3/envs/geant4-env/x86_64-conda-linux-gnu/sysroot/usr/lib/crti.o]
  collapse obj [/home/sanialewis/anaconda3/envs/geant4-env/bin/../lib/gcc/x86_64-conda-linux-gnu/15.2.0/crtbeginS.o] ==> [/home/sanialewis/anaconda3/envs/geant4-env/lib/gcc/x86_64-conda-linux-gnu/15.2.0/crtbeginS.o]
  collapse obj [/home/sanialewis/anaconda3/envs/geant4-env/bin/../lib/gcc/x86_64-conda-linux-gnu/15.2.0/crtendS.o] ==> [/home/sanialewis/anaconda3/envs/geant4-env/lib/gcc/x86_64-conda-linux-gnu/15.2.0/crtendS.o]
  collapse obj [/home/sanialewis/anaconda3/envs/geant4-env/bin/../x86_64-conda-linux-gnu/sysroot/usr/lib/../lib/crtn.o] ==> [/home/sanialewis/anaconda3/envs/geant4-env/x86_64-conda-linux-gnu/sysroot/usr/lib/crtn.o]
  collapse library dir [/home/sanialewis/anaconda3/envs/geant4-env/lib] ==> [/home/sanialewis/anaconda3/envs/geant4-env/lib]
  collapse library dir [/home/sanialewis/anaconda3/envs/geant4-env/bin/../lib/gcc/x86_64-conda-linux-gnu/15.2.0] ==> [/home/sanialewis/anaconda3/envs/geant4-env/lib/gcc/x86_64-conda-linux-gnu/15.2.0]
  collapse library dir [/home/sanialewis/anaconda3/envs/geant4-env/bin/../lib/gcc] ==> [/home/sanialewis/anaconda3/envs/geant4-env/lib/gcc]
  collapse library dir [/home/sanialewis/anaconda3/envs/geant4-env/bin/../lib/gcc/x86_64-conda-linux-gnu/15.2.0/../../../../x86_64-conda-linux-gnu/lib/../lib] ==> [/home/sanialewis/anaconda3/envs/geant4-env/x86_64-conda-linux-gnu/lib]
  collapse library dir [/home/sanialewis/anaconda3/envs/geant4-env/bin/../lib/gcc/x86_64-conda-linux-gnu/15.2.0/../../../../lib] ==> [/home/sanialewis/anaconda3/envs/geant4-env/lib]
  collapse library dir [/home/sanialewis/anaconda3/envs/geant4-env/bin/../x86_64-conda-linux-gnu/sysroot/lib/../lib] ==> [/home/sanialewis/anaconda3/envs/geant4-env/x86_64-conda-linux-gnu/sysroot/lib]
  collapse library dir [/home/sanialewis/anaconda3/envs/geant4-env/bin/../x86_64-conda-linux-gnu/sysroot/usr/lib/../lib] ==> [/home/sanialewis/anaconda3/envs/geant4-env/x86_64-conda-linux-gnu/sysroot/usr/lib]
  collapse library dir [/home/sanialewis/anaconda3/envs/geant4-env/bin/../lib/gcc/x86_64-conda-linux-gnu/15.2.0/../../../../x86_64-conda-linux-gnu/lib] ==> [/home/sanialewis/anaconda3/envs/geant4-env/x86_64-conda-linux-gnu/lib]
  collapse library dir [/home/sanialewis/anaconda3/envs/geant4-env/bin/../lib/gcc/x86_64-conda-linux-gnu/15.2.0/../../..] ==> [/home/sanialewis/anaconda3/envs/geant4-env/lib]
  collapse library dir [/home/sanialewis/anaconda3/envs/geant4-env/bin/../x86_64-conda-linux-gnu/sysroot/lib] ==> [/home/sanialewis/anaconda3/envs/geant4-env/x86_64-conda-linux-gnu/sysroot/lib]
  collapse library dir [/home/sanialewis/anaconda3/envs/geant4-env/bin/../x86_64-conda-linux-gnu/sysroot/usr/lib] ==> [/home/sanialewis/anaconda3/envs/geant4-env/x86_64-conda-linux-gnu/sysroot/usr/lib]
  implicit libs: [stdc++;m;gcc_s;gcc;c;gcc_s;gcc]
  implicit objs: [/home/sanialewis/anaconda3/envs/geant4-env/x86_64-conda-linux-gnu/sysroot/usr/lib/Scrt1.o;/home/sanialewis/anaconda3/envs/geant4-env/x86_64-conda-linux-gnu/sysroot/usr/lib/crti.o;/home/sanialewis/anaconda3/envs/geant4-env/lib/gcc/x86_64-conda-linux-gnu/15.2.0/crtbeginS.o;/home/sanialewis/anaconda3/envs/geant4-env/lib/gcc/x86_64-conda-linux-gnu/15.2.0/crtendS.o;/home/sanialewis/anaconda3/envs/geant4-env/x86_64-conda-linux-gnu/sysroot/usr/lib/crtn.o]
  implicit dirs: [/home/sanialewis/anaconda3/envs/geant4-env/lib;/home/sanialewis/anaconda3/envs/geant4-env/lib/gcc/x86_64-conda-linux-gnu/15.2.0;/home/sanialewis/anaconda3/envs/geant4-env/lib/gcc;/home/sanialewis/anaconda3/envs/geant4-env/x86_64-conda-linux-gnu/lib;/home/sanialewis/anaconda3/envs/geant4-env/x86_64-conda-linux-gnu/sysroot/lib;/home/sanialewis/anaconda3/envs/geant4-env/x86_64-conda-linux-gnu/sysroot/usr/lib]
  implicit fwks: []


Determining if the include file pthread.h exists passed with the following output:
Change Dir: /home/sanialewis/Documents/Tyvek/geant4-simulation/sim/build/CMakeFiles/CMakeTmp

Run Build Command(s):/usr/bin/gmake -f Makefile cmTC_f3f0b/fast && /usr/bin/gmake  -f CMakeFiles/cmTC_f3f0b.dir/build.make CMakeFiles/cmTC_f3f0b.dir/build
gmake[1]: Entering directory '/home/sanialewis/Documents/Tyvek/geant4-simulation/sim/build/CMakeFiles/CMakeTmp'
Building C object CMakeFiles/cmTC_f3f0b.dir/CheckIncludeFile.c.o
/home/sanialewis/anaconda3/envs/geant4-env/bin/x86_64-conda-linux-gnu-gcc   -march=nocona -mtune=haswell -ftree-vectorize -fPIC -fstack-protector-strong -fno-plt -O2 -ffunction-sections -pipe -isystem /home/sanialewis/anaconda3/envs/geant4-env/include  -o CMakeFiles/cmTC_f3f0b.dir/CheckIncludeFile.c.o -c /home/sanialewis/Documents/Tyvek/geant4-simulation/sim/build/CMakeFiles/CMakeTmp/CheckIncludeFile.c
Linking C executable cmTC_f3f0b
/usr/bin/cmake -E cmake_link_script CMakeFiles/cmTC_f3f0b.dir/link.txt --verbose=1
/home/sanialewis/anaconda3/envs/geant4-env/bin/x86_64-conda-linux-gnu-gcc -march=nocona -mtune=haswell -ftree-vectorize -fPIC -fstack-protector-strong -fno-plt -O2 -ffunction-sections -pipe -isystem /home/sanialewis/anaconda3/envs/geant4-env/include  -Wl,-O2 -Wl,--sort-common -Wl,--as-needed -Wl,-z,relro -Wl,-z,now -Wl,--disable-new-dtags -Wl,--gc-sections -Wl,--allow-shlib-undefined -Wl,-rpath,/home/sanialewis/anaconda3/envs/geant4-env/lib -Wl,-rpath-link,/home/sanialewis/anaconda3/envs/geant4-env/lib -L/home/sanialewis/anaconda3/envs/geant4-env/lib  CMakeFiles/cmTC_f3f0b.dir/CheckIncludeFile.c.o -o cmTC_f3f0b 
gmake[1]: Leaving directory '/home/sanialewis/Documents/Tyvek/geant4-simulation/sim/build/CMakeFiles/CMakeTmp'



